
*** 04-prototype-development/contracts/soroban-vault/src/lib.rs:144:9: replace Vault::withdraw -> i128 with 0

*** mutation diff:
--- 04-prototype-development/contracts/soroban-vault/src/lib.rs
+++ replace Vault::withdraw -> i128 with 0
@@ -136,50 +136,17 @@
         Self::set_total_shares(&env, Self::checked_add(&env, total, shares));
         Self::touch(&env, &from);
 
         shares
     }
 
     /// Burn `shares` and return the corresponding amount of the underlying token.
     pub fn withdraw(env: Env, from: Address, shares: i128) -> i128 {
-        from.require_auth();
-        Self::require_not_paused(&env);
-        Self::require_positive(&env, shares);
-
-        let balance = Self::balance_internal(&env, &from);
-        if balance < shares {
-            panic_with_error!(&env, VaultError::InsufficientBalance);
-        }
-
-        let token_addr = Self::token_address(&env);
-        let client = token::TokenClient::new(&env, &token_addr);
-        let vault = env.current_contract_address();
-
-        let total = Self::total_shares_internal(&env);
-        let assets = client.balance(&vault);
-
-        // amount = shares * assets / total
-        let amount = if total == 0 {
-            0
-        } else {
-            Self::checked_mul(&env, shares, assets) / total
-        };
-
-        // Effects before interaction (CEI) — the reentrancy discipline from
-        // scenario S02.
-        Self::set_balance(&env, &from, Self::checked_sub(&env, balance, shares));
-        Self::set_total_shares(&env, Self::checked_sub(&env, total, shares));
-
-        if amount > 0 {
-            client.transfer(&vault, &from, &amount);
-        }
-        Self::touch(&env, &from);
-
-        amount
+        0 /* ~ changed by cargo-mutants ~ */
     }
 
     /// Move `shares` between two holders.
     pub fn transfer_shares(env: Env, from: Address, to: Address, shares: i128) {
         // I5 — the sender must authorize. Dropping this is `bug_missing_auth`,
         // the SOR-001 / Wormhole bug class.
         #[cfg(not(feature = "bug_missing_auth"))]
         from.require_auth();


*** /Users/igorfambonatti/.rustup/toolchains/stable-aarch64-apple-darwin/bin/cargo test --no-run --verbose --package=soroban-vault@0.1.0
       Fresh unicode-ident v1.0.24
       Fresh proc-macro2 v1.0.106
       Fresh quote v1.0.45
       Fresh syn v2.0.117
       Fresh version_check v0.9.5
       Fresh cfg-if v1.0.4
       Fresh typenum v1.20.1
       Fresh serde_core v1.0.228
       Fresh serde_derive v1.0.228
       Fresh serde v1.0.228
       Fresh zmij v1.0.21
       Fresh zeroize_derive v1.5.0
       Fresh memchr v2.8.2
       Fresh itoa v1.0.18
       Fresh serde_json v1.0.150
       Fresh zeroize v1.9.0
       Fresh subtle v2.6.1
       Fresh autocfg v1.5.1
       Fresh crate-git-revision v0.0.6
       Fresh const-oid v0.9.6
       Fresh getrandom v0.2.17
       Fresh rand_core v0.6.4
       Fresh strsim v0.11.1
       Fresh ident_case v1.0.1
       Fresh zerocopy v0.8.52
       Fresh darling_core v0.23.0
       Fresh darling_macro v0.23.0
       Fresh ppv-lite86 v0.2.21
       Fresh semver v1.0.28
       Fresh darling v0.23.0
       Fresh num-traits v0.2.19
       Fresh generic-array v0.14.9
       Fresh dyn-clone v1.0.20
       Fresh schemars v0.8.22
       Fresh serde_with_macros v3.21.0
       Fresh data-encoding v2.11.0
       Fresh libc v0.2.186
       Fresh crypto-common v0.1.6
       Fresh block-buffer v0.10.4
       Fresh hex v0.4.3
       Fresh once_cell v1.21.4
       Fresh digest v0.10.7
       Fresh stellar-strkey v0.0.13
       Fresh paste v1.0.15
       Fresh rand_chacha v0.3.1
       Fresh cpufeatures v0.2.17
       Fresh cfg_eval v0.1.2
       Fresh escape-bytes v0.1.1
       Fresh ethnum v1.5.3
       Fresh rand v0.8.6
       Fresh num-integer v0.1.46
       Fresh enum-ordinalize-derive v4.3.2
       Fresh enum-ordinalize v4.3.2
       Fresh num-bigint v0.4.6
       Fresh ark-std v0.5.0
       Fresh rustc_version v0.4.1
       Fresh ff v0.13.1
       Fresh der v0.7.10
       Fresh ark-serialize-derive v0.5.0
       Fresh arrayvec v0.7.6
       Fresh equivalent v1.0.2
       Fresh hashbrown v0.17.1
       Fresh either v1.16.0
       Fresh base16ct v0.2.0
       Fresh sec1 v0.7.3
       Fresh itertools v0.13.0
       Fresh indexmap v2.14.0
       Fresh ark-serialize v0.5.0
       Fresh group v0.13.0
       Fresh educe v0.6.0
       Fresh ark-ff-macros v0.5.0
       Fresh sha2 v0.10.9
       Fresh crypto-bigint v0.5.5
       Fresh signature v2.2.0
       Fresh ark-ff-asm v0.5.0
       Fresh fnv v1.0.7
       Fresh base64 v0.22.1
       Fresh allocator-api2 v0.2.21
       Fresh hashbrown v0.15.5
       Fresh ark-ff v0.5.0
       Fresh elliptic-curve v0.13.8
       Fresh ahash v0.8.12
       Fresh wasmparser v0.116.1
       Fresh hmac v0.12.1
       Fresh derive_arbitrary v1.3.2
       Fresh arbitrary v1.3.2
       Fresh rfc6979 v0.4.0
       Fresh ark-poly v0.5.0
       Fresh libm v0.2.16
       Fresh soroban-env-macros v26.1.3
       Fresh thiserror-impl v1.0.69
       Fresh num-derive v0.4.2
       Fresh indexmap-nostd v0.4.0
       Fresh downcast-rs v1.2.1
       Fresh static_assertions v1.1.0
       Fresh wasmi_core v0.13.0
       Fresh wasmparser-nostd v0.100.2
       Fresh thiserror v1.0.69
       Fresh ark-ec v0.5.0
       Fresh ecdsa v0.16.9
       Fresh getrandom v0.3.4
       Fresh serde_with v3.21.0
       Fresh wasmi_arena v0.4.1
       Fresh smallvec v1.15.2
       Fresh spin v0.9.8
       Fresh soroban-wasmi v0.31.1-soroban.20.0.1
       Fresh stellar-xdr v26.0.1
       Fresh rand_core v0.9.5
       Fresh curve25519-dalek v4.1.3
       Fresh primeorder v0.13.6
       Fresh darling_core v0.20.11
       Fresh ed25519 v2.2.3
       Fresh keccak v0.1.6
       Fresh errno v0.3.14
       Fresh bitflags v2.13.1
       Fresh byteorder v1.5.0
       Fresh hash32 v0.3.1
       Fresh rustix v1.1.4
       Fresh sha3 v0.10.9
       Fresh ed25519-dalek v2.2.0
       Fresh darling_macro v0.20.11
       Fresh p256 v0.13.2
       Fresh prettyplease v0.2.37
       Fresh getrandom v0.4.3
       Fresh k256 v0.13.4
       Fresh ark-bn254 v0.5.0
       Fresh ark-bls12-381 v0.5.0
       Fresh soroban-spec v26.1.0
       Fresh soroban-builtin-sdk-macros v26.1.3
       Fresh fastrand v2.5.0
       Fresh hex-literal v0.4.1
       Fresh dtor-proc-macro v0.0.6
       Fresh stable_deref_trait v1.2.1
       Fresh heapless v0.8.0
       Fresh dtor v0.1.1
       Fresh soroban-env-host v26.1.3
       Fresh tempfile v3.27.0
       Fresh soroban-spec-rust v26.1.0
       Fresh darling v0.20.11
       Fresh soroban-env-common v26.1.3
       Fresh wait-timeout v0.2.1
       Fresh macro-string v0.1.4
       Fresh bit-vec v0.8.0
       Fresh ctor-proc-macro v0.0.6
       Fresh heck v0.5.0
       Fresh quick-error v1.2.3
       Fresh rusty-fork v0.3.1
       Fresh soroban-sdk-macros v26.1.0
       Fresh ctor v0.5.0
       Fresh bit-set v0.8.0
       Fresh stellar-strkey v0.0.16
       Fresh soroban-ledger-snapshot v26.1.0
       Fresh rand v0.9.5
       Fresh rand_xorshift v0.4.0
       Fresh rand_chacha v0.9.0
       Fresh bytes-lit v0.0.5
       Fresh visibility v0.1.1
       Fresh regex-syntax v0.8.11
       Fresh unarray v0.1.4
       Fresh proptest v1.11.0
       Fresh soroban-sdk v26.1.0
       Fresh proptest-arbitrary-interop v0.1.0
       Dirty soroban-vault v0.1.0 (/private/var/folders/bw/48pkqypd3pd7_c8l3ckzlmdw0000gp/T/cargo-mutants-stellar-studies-Iw7q9L.tmp/04-prototype-development/contracts/soroban-vault): the file `04-prototype-development/contracts/soroban-vault/src/lib.rs` has changed (1789675293.795518395s, 9s after last build at 1789675284.289129137s)
   Compiling soroban-vault v0.1.0 (/private/var/folders/bw/48pkqypd3pd7_c8l3ckzlmdw0000gp/T/cargo-mutants-stellar-studies-Iw7q9L.tmp/04-prototype-development/contracts/soroban-vault)
     Running `/Users/igorfambonatti/.rustup/toolchains/stable-aarch64-apple-darwin/bin/rustc --crate-name soroban_vault --edition=2021 04-prototype-development/contracts/soroban-vault/src/lib.rs --error-format=json --json=diagnostic-rendered-ansi,artifacts,future-incompat --crate-type lib --emit=dep-info,metadata,link -C embed-bitcode=no -C debuginfo=2 -C split-debuginfo=unpacked --check-cfg 'cfg(docsrs,test)' --check-cfg 'cfg(feature, values("bug_missing_auth", "bug_no_ttl", "bug_overflow", "bug_reinit", "bug_self_transfer", "bug_temp_nonce", "bug_zero_amount"))' -C metadata=3876bb9ecdd8693e -C extra-filename=-89a10c6dc4b3cd63 --out-dir /private/var/folders/bw/48pkqypd3pd7_c8l3ckzlmdw0000gp/T/cargo-mutants-stellar-studies-Iw7q9L.tmp/target/debug/deps -C incremental=/private/var/folders/bw/48pkqypd3pd7_c8l3ckzlmdw0000gp/T/cargo-mutants-stellar-studies-Iw7q9L.tmp/target/debug/incremental -L dependency=/private/var/folders/bw/48pkqypd3pd7_c8l3ckzlmdw0000gp/T/cargo-mutants-stellar-studies-Iw7q9L.tmp/target/debug/deps --extern soroban_sdk=/private/var/folders/bw/48pkqypd3pd7_c8l3ckzlmdw0000gp/T/cargo-mutants-stellar-studies-Iw7q9L.tmp/target/debug/deps/libsoroban_sdk-e62747f56c1fb4bb.rmeta`
warning: unused variable: `env`
   --> 04-prototype-development/contracts/soroban-vault/src/lib.rs:143:21
    |
143 |     pub fn withdraw(env: Env, from: Address, shares: i128) -> i128 {
    |                     ^^^ help: if this is intentional, prefix it with an underscore: `_env`
    |
    = note: `#[warn(unused_variables)]` (part of `#[warn(unused)]`) on by default

warning: unused variable: `from`
   --> 04-prototype-development/contracts/soroban-vault/src/lib.rs:143:31
    |
143 |     pub fn withdraw(env: Env, from: Address, shares: i128) -> i128 {
    |                               ^^^^ help: if this is intentional, prefix it with an underscore: `_from`

warning: unused variable: `shares`
   --> 04-prototype-development/contracts/soroban-vault/src/lib.rs:143:46
    |
143 |     pub fn withdraw(env: Env, from: Address, shares: i128) -> i128 {
    |                                              ^^^^^^ help: if this is intentional, prefix it with an underscore: `_shares`

warning: `soroban-vault` (lib) generated 3 warnings (run `cargo fix --lib -p soroban-vault` to apply 3 suggestions)
     Running `/Users/igorfambonatti/.rustup/toolchains/stable-aarch64-apple-darwin/bin/rustc --crate-name proptest_baseline --edition=2021 04-prototype-development/contracts/soroban-vault/tests/proptest_baseline.rs --error-format=json --json=diagnostic-rendered-ansi,artifacts,future-incompat --emit=dep-info,link -C embed-bitcode=no -C debuginfo=2 -C split-debuginfo=unpacked --test --check-cfg 'cfg(docsrs,test)' --check-cfg 'cfg(feature, values("bug_missing_auth", "bug_no_ttl", "bug_overflow", "bug_reinit", "bug_self_transfer", "bug_temp_nonce", "bug_zero_amount"))' -C metadata=8c7067f738ca187b -C extra-filename=-3e562011cbd3d845 --out-dir /private/var/folders/bw/48pkqypd3pd7_c8l3ckzlmdw0000gp/T/cargo-mutants-stellar-studies-Iw7q9L.tmp/target/debug/deps -C incremental=/private/var/folders/bw/48pkqypd3pd7_c8l3ckzlmdw0000gp/T/cargo-mutants-stellar-studies-Iw7q9L.tmp/target/debug/incremental -L dependency=/private/var/folders/bw/48pkqypd3pd7_c8l3ckzlmdw0000gp/T/cargo-mutants-stellar-studies-Iw7q9L.tmp/target/debug/deps --extern arbitrary=/private/var/folders/bw/48pkqypd3pd7_c8l3ckzlmdw0000gp/T/cargo-mutants-stellar-studies-Iw7q9L.tmp/target/debug/deps/libarbitrary-b15fe09805a10503.rlib --extern proptest=/private/var/folders/bw/48pkqypd3pd7_c8l3ckzlmdw0000gp/T/cargo-mutants-stellar-studies-Iw7q9L.tmp/target/debug/deps/libproptest-ebc82c2f62035854.rlib --extern proptest_arbitrary_interop=/private/var/folders/bw/48pkqypd3pd7_c8l3ckzlmdw0000gp/T/cargo-mutants-stellar-studies-Iw7q9L.tmp/target/debug/deps/libproptest_arbitrary_interop-8fcd0e348bdb6c2d.rlib --extern soroban_sdk=/private/var/folders/bw/48pkqypd3pd7_c8l3ckzlmdw0000gp/T/cargo-mutants-stellar-studies-Iw7q9L.tmp/target/debug/deps/libsoroban_sdk-e62747f56c1fb4bb.rlib --extern soroban_vault=/private/var/folders/bw/48pkqypd3pd7_c8l3ckzlmdw0000gp/T/cargo-mutants-stellar-studies-Iw7q9L.tmp/target/debug/deps/libsoroban_vault-89a10c6dc4b3cd63.rlib`
     Running `/Users/igorfambonatti/.rustup/toolchains/stable-aarch64-apple-darwin/bin/rustc --crate-name proptest_ai --edition=2021 04-prototype-development/contracts/soroban-vault/tests/proptest_ai.rs --error-format=json --json=diagnostic-rendered-ansi,artifacts,future-incompat --emit=dep-info,link -C embed-bitcode=no -C debuginfo=2 -C split-debuginfo=unpacked --test --check-cfg 'cfg(docsrs,test)' --check-cfg 'cfg(feature, values("bug_missing_auth", "bug_no_ttl", "bug_overflow", "bug_reinit", "bug_self_transfer", "bug_temp_nonce", "bug_zero_amount"))' -C metadata=5763f149b77c10de -C extra-filename=-f790cf1d5da483ca --out-dir /private/var/folders/bw/48pkqypd3pd7_c8l3ckzlmdw0000gp/T/cargo-mutants-stellar-studies-Iw7q9L.tmp/target/debug/deps -C incremental=/private/var/folders/bw/48pkqypd3pd7_c8l3ckzlmdw0000gp/T/cargo-mutants-stellar-studies-Iw7q9L.tmp/target/debug/incremental -L dependency=/private/var/folders/bw/48pkqypd3pd7_c8l3ckzlmdw0000gp/T/cargo-mutants-stellar-studies-Iw7q9L.tmp/target/debug/deps --extern arbitrary=/private/var/folders/bw/48pkqypd3pd7_c8l3ckzlmdw0000gp/T/cargo-mutants-stellar-studies-Iw7q9L.tmp/target/debug/deps/libarbitrary-b15fe09805a10503.rlib --extern proptest=/private/var/folders/bw/48pkqypd3pd7_c8l3ckzlmdw0000gp/T/cargo-mutants-stellar-studies-Iw7q9L.tmp/target/debug/deps/libproptest-ebc82c2f62035854.rlib --extern proptest_arbitrary_interop=/private/var/folders/bw/48pkqypd3pd7_c8l3ckzlmdw0000gp/T/cargo-mutants-stellar-studies-Iw7q9L.tmp/target/debug/deps/libproptest_arbitrary_interop-8fcd0e348bdb6c2d.rlib --extern soroban_sdk=/private/var/folders/bw/48pkqypd3pd7_c8l3ckzlmdw0000gp/T/cargo-mutants-stellar-studies-Iw7q9L.tmp/target/debug/deps/libsoroban_sdk-e62747f56c1fb4bb.rlib --extern soroban_vault=/private/var/folders/bw/48pkqypd3pd7_c8l3ckzlmdw0000gp/T/cargo-mutants-stellar-studies-Iw7q9L.tmp/target/debug/deps/libsoroban_vault-89a10c6dc4b3cd63.rlib`
     Running `/Users/igorfambonatti/.rustup/toolchains/stable-aarch64-apple-darwin/bin/rustc --crate-name soroban_vault --edition=2021 04-prototype-development/contracts/soroban-vault/src/lib.rs --error-format=json --json=diagnostic-rendered-ansi,artifacts,future-incompat --emit=dep-info,link -C embed-bitcode=no -C debuginfo=2 -C split-debuginfo=unpacked --test --check-cfg 'cfg(docsrs,test)' --check-cfg 'cfg(feature, values("bug_missing_auth", "bug_no_ttl", "bug_overflow", "bug_reinit", "bug_self_transfer", "bug_temp_nonce", "bug_zero_amount"))' -C metadata=1d80e85bbbdf9027 -C extra-filename=-bce8593a16df1a94 --out-dir /private/var/folders/bw/48pkqypd3pd7_c8l3ckzlmdw0000gp/T/cargo-mutants-stellar-studies-Iw7q9L.tmp/target/debug/deps -C incremental=/private/var/folders/bw/48pkqypd3pd7_c8l3ckzlmdw0000gp/T/cargo-mutants-stellar-studies-Iw7q9L.tmp/target/debug/incremental -L dependency=/private/var/folders/bw/48pkqypd3pd7_c8l3ckzlmdw0000gp/T/cargo-mutants-stellar-studies-Iw7q9L.tmp/target/debug/deps --extern arbitrary=/private/var/folders/bw/48pkqypd3pd7_c8l3ckzlmdw0000gp/T/cargo-mutants-stellar-studies-Iw7q9L.tmp/target/debug/deps/libarbitrary-b15fe09805a10503.rlib --extern proptest=/private/var/folders/bw/48pkqypd3pd7_c8l3ckzlmdw0000gp/T/cargo-mutants-stellar-studies-Iw7q9L.tmp/target/debug/deps/libproptest-ebc82c2f62035854.rlib --extern proptest_arbitrary_interop=/private/var/folders/bw/48pkqypd3pd7_c8l3ckzlmdw0000gp/T/cargo-mutants-stellar-studies-Iw7q9L.tmp/target/debug/deps/libproptest_arbitrary_interop-8fcd0e348bdb6c2d.rlib --extern soroban_sdk=/private/var/folders/bw/48pkqypd3pd7_c8l3ckzlmdw0000gp/T/cargo-mutants-stellar-studies-Iw7q9L.tmp/target/debug/deps/libsoroban_sdk-e62747f56c1fb4bb.rlib`
warning: `soroban-vault` (lib test) generated 3 warnings (3 duplicates)
    Finished `test` profile [unoptimized + debuginfo] target(s) in 5.34s
  Executable `/private/var/folders/bw/48pkqypd3pd7_c8l3ckzlmdw0000gp/T/cargo-mutants-stellar-studies-Iw7q9L.tmp/target/debug/deps/soroban_vault-bce8593a16df1a94`
  Executable `/private/var/folders/bw/48pkqypd3pd7_c8l3ckzlmdw0000gp/T/cargo-mutants-stellar-studies-Iw7q9L.tmp/target/debug/deps/proptest_ai-f790cf1d5da483ca`
  Executable `/private/var/folders/bw/48pkqypd3pd7_c8l3ckzlmdw0000gp/T/cargo-mutants-stellar-studies-Iw7q9L.tmp/target/debug/deps/proptest_baseline-3e562011cbd3d845`

*** result: Success

*** /Users/igorfambonatti/.rustup/toolchains/stable-aarch64-apple-darwin/bin/cargo test --verbose --package=soroban-vault@0.1.0 --lib
       Fresh unicode-ident v1.0.24
       Fresh proc-macro2 v1.0.106
       Fresh quote v1.0.45
       Fresh syn v2.0.117
       Fresh version_check v0.9.5
       Fresh cfg-if v1.0.4
       Fresh typenum v1.20.1
       Fresh serde_core v1.0.228
       Fresh serde_derive v1.0.228
       Fresh serde v1.0.228
       Fresh zmij v1.0.21
       Fresh zeroize_derive v1.5.0
       Fresh memchr v2.8.2
       Fresh itoa v1.0.18
       Fresh serde_json v1.0.150
       Fresh zeroize v1.9.0
       Fresh subtle v2.6.1
       Fresh autocfg v1.5.1
       Fresh crate-git-revision v0.0.6
       Fresh const-oid v0.9.6
       Fresh getrandom v0.2.17
       Fresh rand_core v0.6.4
       Fresh ident_case v1.0.1
       Fresh strsim v0.11.1
       Fresh zerocopy v0.8.52
       Fresh darling_core v0.23.0
       Fresh darling_macro v0.23.0
       Fresh ppv-lite86 v0.2.21
       Fresh semver v1.0.28
       Fresh darling v0.23.0
       Fresh num-traits v0.2.19
       Fresh generic-array v0.14.9
       Fresh dyn-clone v1.0.20
       Fresh schemars v0.8.22
       Fresh serde_with_macros v3.21.0
       Fresh data-encoding v2.11.0
       Fresh libc v0.2.186
       Fresh block-buffer v0.10.4
       Fresh crypto-common v0.1.6
       Fresh hex v0.4.3
       Fresh once_cell v1.21.4
       Fresh digest v0.10.7
       Fresh stellar-strkey v0.0.13
       Fresh paste v1.0.15
       Fresh rand_chacha v0.3.1
       Fresh cpufeatures v0.2.17
       Fresh cfg_eval v0.1.2
       Fresh ethnum v1.5.3
       Fresh escape-bytes v0.1.1
       Fresh rand v0.8.6
       Fresh num-integer v0.1.46
       Fresh enum-ordinalize-derive v4.3.2
       Fresh enum-ordinalize v4.3.2
       Fresh num-bigint v0.4.6
       Fresh ark-std v0.5.0
       Fresh rustc_version v0.4.1
       Fresh ff v0.13.1
       Fresh der v0.7.10
       Fresh ark-serialize-derive v0.5.0
       Fresh hashbrown v0.17.1
       Fresh arrayvec v0.7.6
       Fresh equivalent v1.0.2
       Fresh base16ct v0.2.0
       Fresh either v1.16.0
       Fresh sec1 v0.7.3
       Fresh indexmap v2.14.0
       Fresh ark-serialize v0.5.0
       Fresh itertools v0.13.0
       Fresh group v0.13.0
       Fresh educe v0.6.0
       Fresh ark-ff-macros v0.5.0
       Fresh sha2 v0.10.9
       Fresh crypto-bigint v0.5.5
       Fresh signature v2.2.0
       Fresh ark-ff-asm v0.5.0
       Fresh base64 v0.22.1
       Fresh allocator-api2 v0.2.21
       Fresh fnv v1.0.7
       Fresh hashbrown v0.15.5
       Fresh ark-ff v0.5.0
       Fresh elliptic-curve v0.13.8
       Fresh ahash v0.8.12
       Fresh wasmparser v0.116.1
       Fresh hmac v0.12.1
       Fresh derive_arbitrary v1.3.2
       Fresh arbitrary v1.3.2
       Fresh rfc6979 v0.4.0
       Fresh ark-poly v0.5.0
       Fresh libm v0.2.16
       Fresh getrandom v0.3.4
       Fresh soroban-env-macros v26.1.3
       Fresh thiserror-impl v1.0.69
       Fresh num-derive v0.4.2
       Fresh static_assertions v1.1.0
       Fresh downcast-rs v1.2.1
       Fresh indexmap-nostd v0.4.0
       Fresh wasmparser-nostd v0.100.2
       Fresh wasmi_core v0.13.0
       Fresh thiserror v1.0.69
       Fresh rand_core v0.9.5
       Fresh ark-ec v0.5.0
       Fresh ecdsa v0.16.9
       Fresh serde_with v3.21.0
       Fresh errno v0.3.14
       Fresh bitflags v2.13.1
       Fresh wasmi_arena v0.4.1
       Fresh smallvec v1.15.2
       Fresh spin v0.9.8
       Fresh soroban-wasmi v0.31.1-soroban.20.0.1
       Fresh rustix v1.1.4
       Fresh stellar-xdr v26.0.1
       Fresh curve25519-dalek v4.1.3
       Fresh getrandom v0.4.3
       Fresh primeorder v0.13.6
       Fresh darling_core v0.20.11
       Fresh ed25519 v2.2.3
       Fresh keccak v0.1.6
       Fresh byteorder v1.5.0
       Fresh fastrand v2.5.0
       Fresh tempfile v3.27.0
       Fresh hash32 v0.3.1
       Fresh sha3 v0.10.9
       Fresh ed25519-dalek v2.2.0
       Fresh darling_macro v0.20.11
       Fresh p256 v0.13.2
       Fresh prettyplease v0.2.37
       Fresh k256 v0.13.4
       Fresh ark-bn254 v0.5.0
       Fresh ark-bls12-381 v0.5.0
       Fresh soroban-spec v26.1.0
       Fresh soroban-builtin-sdk-macros v26.1.3
       Fresh wait-timeout v0.2.1
       Fresh bit-vec v0.8.0
       Fresh hex-literal v0.4.1
       Fresh dtor-proc-macro v0.0.6
       Fresh quick-error v1.2.3
       Fresh stable_deref_trait v1.2.1
       Fresh heapless v0.8.0
       Fresh rusty-fork v0.3.1
       Fresh dtor v0.1.1
       Fresh soroban-env-host v26.1.3
       Fresh bit-set v0.8.0
       Fresh soroban-spec-rust v26.1.0
       Fresh darling v0.20.11
       Fresh soroban-env-common v26.1.3
       Fresh rand_xorshift v0.4.0
       Fresh rand_chacha v0.9.0
       Fresh rand v0.9.5
       Fresh macro-string v0.1.4
       Fresh heck v0.5.0
       Fresh unarray v0.1.4
       Fresh ctor-proc-macro v0.0.6
       Fresh regex-syntax v0.8.11
       Fresh proptest v1.11.0
       Fresh ctor v0.5.0
       Fresh soroban-sdk-macros v26.1.0
       Fresh stellar-strkey v0.0.16
       Fresh soroban-ledger-snapshot v26.1.0
       Fresh bytes-lit v0.0.5
       Fresh visibility v0.1.1
       Fresh soroban-sdk v26.1.0
       Fresh proptest-arbitrary-interop v0.1.0
       Fresh soroban-vault v0.1.0 (/private/var/folders/bw/48pkqypd3pd7_c8l3ckzlmdw0000gp/T/cargo-mutants-stellar-studies-Iw7q9L.tmp/04-prototype-development/contracts/soroban-vault)
warning: unused variable: `env`
   --> 04-prototype-development/contracts/soroban-vault/src/lib.rs:143:21
    |
143 |     pub fn withdraw(env: Env, from: Address, shares: i128) -> i128 {
    |                     ^^^ help: if this is intentional, prefix it with an underscore: `_env`
    |
    = note: `#[warn(unused_variables)]` (part of `#[warn(unused)]`) on by default

warning: unused variable: `from`
   --> 04-prototype-development/contracts/soroban-vault/src/lib.rs:143:31
    |
143 |     pub fn withdraw(env: Env, from: Address, shares: i128) -> i128 {
    |                               ^^^^ help: if this is intentional, prefix it with an underscore: `_from`

warning: unused variable: `shares`
   --> 04-prototype-development/contracts/soroban-vault/src/lib.rs:143:46
    |
143 |     pub fn withdraw(env: Env, from: Address, shares: i128) -> i128 {
    |                                              ^^^^^^ help: if this is intentional, prefix it with an underscore: `_shares`

warning: `soroban-vault` (lib test) generated 3 warnings (run `cargo fix --lib -p soroban-vault --tests` to apply 3 suggestions)
    Finished `test` profile [unoptimized + debuginfo] target(s) in 0.13s
     Running `/private/var/folders/bw/48pkqypd3pd7_c8l3ckzlmdw0000gp/T/cargo-mutants-stellar-studies-Iw7q9L.tmp/target/debug/deps/soroban_vault-bce8593a16df1a94`

running 22 tests
test test::pause_sets_the_flag ... ok
test test::initialize_sets_initial_state ... ok
test test::deposit_mints_one_to_one_on_empty_vault ... ok
test test_invariants::i10_persistent_entries_are_ttl_managed_not_restored ... ok
test test_invariants::i10_restoration_signature_is_detectable ... ok
test test::set_admin_hands_over_the_role ... ok
test test_invariants::i12_pause_halts_all_mutations ... FAILED
test test::deposit_mints_proportionally_on_funded_vault ... ok
test test_invariants::i11_temporary_state_is_never_authoritative ... FAILED
test test::views_report_state ... ok
test test::transfer_shares_moves_balance ... ok
test test::withdraw_returns_assets_and_burns_shares ... FAILED
test test_invariants::i1_supply_conservation ... ok
test test::deposit_withdraw_round_trip_is_lossless_for_a_sole_depositor ... FAILED
test test_invariants::i9_reinitialization_is_rejected ... ok
test test_invariants::i4_admin_operations_require_admin_auth ... ok
test test_invariants::i2_zero_supply_iff_empty ... FAILED
test test_invariants::i5_user_operations_require_sender_auth ... FAILED
test test_invariants::i8_self_transfer_is_a_noop ... ok
test test_invariants::i7_non_positive_amounts_rejected ... FAILED
test test_invariants::i6_arithmetic_is_checked ... ok
test test_invariants::i3_round_trip_never_profits ... ok

failures:

---- test_invariants::i12_pause_halts_all_mutations stdout ----

thread 'test_invariants::i12_pause_halts_all_mutations' (2952946) panicked at 04-prototype-development/contracts/soroban-vault/src/test_invariants.rs:257:5:
withdraw
Writing test snapshot file for test "test_invariants::i12_pause_halts_all_mutations" to "test_snapshots/test_invariants/i12_pause_halts_all_mutations.1.json".

---- test_invariants::i11_temporary_state_is_never_authoritative stdout ----

thread 'test_invariants::i11_temporary_state_is_never_authoritative' (2952945) panicked at 04-prototype-development/contracts/soroban-vault/src/test_invariants.rs:243:5:
assertion `left == right` failed: withdraw unaffected by lost telemetry
  left: 0
 right: 500
Writing test snapshot file for test "test_invariants::i11_temporary_state_is_never_authoritative" to "test_snapshots/test_invariants/i11_temporary_state_is_never_authoritative.1.json".

---- test::withdraw_returns_assets_and_burns_shares stdout ----

thread 'test::withdraw_returns_assets_and_burns_shares' (2952942) panicked at 04-prototype-development/contracts/soroban-vault/src/test.rs:49:5:
assertion `left == right` failed
  left: 0
 right: 400
note: run with `RUST_BACKTRACE=1` environment variable to display a backtrace
Writing test snapshot file for test "test::withdraw_returns_assets_and_burns_shares" to "test_snapshots/test/withdraw_returns_assets_and_burns_shares.1.json".

---- test::deposit_withdraw_round_trip_is_lossless_for_a_sole_depositor stdout ----

thread 'test::deposit_withdraw_round_trip_is_lossless_for_a_sole_depositor' (2952936) panicked at 04-prototype-development/contracts/soroban-vault/src/test.rs:104:5:
assertion `left == right` failed
  left: 0
 right: 7777
Writing test snapshot file for test "test::deposit_withdraw_round_trip_is_lossless_for_a_sole_depositor" to "test_snapshots/test/deposit_withdraw_round_trip_is_lossless_for_a_sole_depositor.1.json".

---- test_invariants::i2_zero_supply_iff_empty stdout ----

thread 'test_invariants::i2_zero_supply_iff_empty' (2952955) panicked at 04-prototype-development/contracts/soroban-vault/src/test_invariants.rs:39:5:
assertion `left == right` failed
  left: 1000
 right: 0
Writing test snapshot file for test "test_invariants::i2_zero_supply_iff_empty" to "test_snapshots/test_invariants/i2_zero_supply_iff_empty.1.json".

---- test_invariants::i5_user_operations_require_sender_auth stdout ----

thread 'test_invariants::i5_user_operations_require_sender_auth' (2952958) panicked at 04-prototype-development/contracts/soroban-vault/src/test_invariants.rs:89:5:
withdraw must fail without the sender's authorization
Writing test snapshot file for test "test_invariants::i5_user_operations_require_sender_auth" to "test_snapshots/test_invariants/i5_user_operations_require_sender_auth.1.json".

---- test_invariants::i7_non_positive_amounts_rejected stdout ----

thread 'test_invariants::i7_non_positive_amounts_rejected' (2952960) panicked at 04-prototype-development/contracts/soroban-vault/src/test_invariants.rs:144:5:
zero withdraw
Writing test snapshot file for test "test_invariants::i7_non_positive_amounts_rejected" to "test_snapshots/test_invariants/i7_non_positive_amounts_rejected.1.json".


failures:
    test::deposit_withdraw_round_trip_is_lossless_for_a_sole_depositor
    test::withdraw_returns_assets_and_burns_shares
    test_invariants::i11_temporary_state_is_never_authoritative
    test_invariants::i12_pause_halts_all_mutations
    test_invariants::i2_zero_supply_iff_empty
    test_invariants::i5_user_operations_require_sender_auth
    test_invariants::i7_non_positive_amounts_rejected

test result: FAILED. 15 passed; 7 failed; 0 ignored; 0 measured; 0 filtered out; finished in 0.47s

error: test failed, to rerun pass `-p soroban-vault --lib`

*** result: Failure(101)
