
*** 04-prototype-development/contracts/soroban-vault/src/lib.rs:122:23: replace / with * in Vault::deposit

*** mutation diff:
--- 04-prototype-development/contracts/soroban-vault/src/lib.rs
+++ replace / with * in Vault::deposit
@@ -114,17 +114,17 @@
         let shares = if total == 0 {
             amount
         } else {
             // amount * total / assets_before
             let numerator = Self::checked_mul(&env, amount, total);
             if assets_before <= 0 {
                 panic_with_error!(&env, VaultError::InvalidAmount);
             }
-            numerator / assets_before
+            numerator * /* ~ changed by cargo-mutants ~ */ assets_before
         };
 
         // I3/I7 — a deposit that mints zero shares is value donated to existing
         // holders. Rejecting it closes the share-inflation vector (S18).
         #[cfg(not(feature = "bug_zero_amount"))]
         if shares <= 0 {
             panic_with_error!(&env, VaultError::ZeroShares);
         }


*** /Users/igorfambonatti/.rustup/toolchains/stable-aarch64-apple-darwin/bin/cargo test --no-run --verbose --package=soroban-vault@0.1.0
       Fresh unicode-ident v1.0.24
       Fresh version_check v0.9.5
       Fresh cfg-if v1.0.4
       Fresh typenum v1.20.1
       Fresh itoa v1.0.18
       Fresh memchr v2.8.2
       Fresh autocfg v1.5.1
       Fresh subtle v2.6.1
       Fresh proc-macro2 v1.0.106
       Fresh const-oid v0.9.6
       Fresh strsim v0.11.1
       Fresh ident_case v1.0.1
       Fresh quote v1.0.45
       Fresh serde_core v1.0.228
       Fresh zmij v1.0.21
       Fresh semver v1.0.28
       Fresh dyn-clone v1.0.20
       Fresh data-encoding v2.11.0
       Fresh syn v2.0.117
       Fresh serde_json v1.0.150
       Fresh getrandom v0.2.17
       Fresh zerocopy v0.8.52
       Fresh num-traits v0.2.19
       Fresh once_cell v1.21.4
       Fresh ethnum v1.5.3
       Fresh escape-bytes v0.1.1
       Fresh rustc_version v0.4.1
       Fresh serde_derive v1.0.228
       Fresh zeroize_derive v1.5.0
       Fresh rand_core v0.6.4
       Fresh darling_core v0.23.0
       Fresh ppv-lite86 v0.2.21
       Fresh libc v0.2.186
       Fresh paste v1.0.15
       Fresh cfg_eval v0.1.2
       Fresh enum-ordinalize-derive v4.3.2
       Fresh num-integer v0.1.46
       Fresh ark-serialize-derive v0.5.0
       Fresh serde v1.0.228
       Fresh zeroize v1.9.0
       Fresh darling_macro v0.23.0
       Fresh cpufeatures v0.2.17
       Fresh rand_chacha v0.3.1
       Fresh num-bigint v0.4.6
       Fresh ff v0.13.1
       Fresh enum-ordinalize v4.3.2
       Fresh base16ct v0.2.0
       Fresh equivalent v1.0.2
       Fresh hashbrown v0.17.1
       Fresh arrayvec v0.7.6
       Fresh generic-array v0.14.9
       Fresh crate-git-revision v0.0.6
       Fresh darling v0.23.0
       Fresh schemars v0.8.22
       Fresh hex v0.4.3
       Fresh rand v0.8.6
       Fresh der v0.7.10
       Fresh either v1.16.0
       Fresh educe v0.6.0
       Fresh group v0.13.0
       Fresh ark-ff-macros v0.5.0
       Fresh indexmap v2.14.0
       Fresh block-buffer v0.10.4
       Fresh crypto-common v0.1.6
       Fresh serde_with_macros v3.21.0
       Fresh ark-std v0.5.0
       Fresh itertools v0.13.0
       Fresh sec1 v0.7.3
       Fresh crypto-bigint v0.5.5
       Fresh ark-ff-asm v0.5.0
       Fresh allocator-api2 v0.2.21
       Fresh base64 v0.22.1
       Fresh fnv v1.0.7
       Fresh ahash v0.8.12
       Fresh digest v0.10.7
       Fresh hashbrown v0.15.5
       Fresh wasmparser v0.116.1
       Fresh derive_arbitrary v1.3.2
       Fresh thiserror-impl v1.0.69
       Fresh num-derive v0.4.2
       Fresh static_assertions v1.1.0
       Fresh stellar-strkey v0.0.13
       Fresh ark-serialize v0.5.0
       Fresh signature v2.2.0
       Fresh sha2 v0.10.9
       Fresh elliptic-curve v0.13.8
       Fresh hmac v0.12.1
       Fresh arbitrary v1.3.2
       Fresh libm v0.2.16
       Fresh indexmap-nostd v0.4.0
       Fresh downcast-rs v1.2.1
       Fresh serde_with v3.21.0
       Fresh ark-ff v0.5.0
       Fresh rfc6979 v0.4.0
       Fresh wasmparser-nostd v0.100.2
       Fresh wasmi_core v0.13.0
       Fresh thiserror v1.0.69
       Fresh getrandom v0.3.4
       Fresh wasmi_arena v0.4.1
       Fresh smallvec v1.15.2
       Fresh spin v0.9.8
       Fresh primeorder v0.13.6
       Fresh ark-poly v0.5.0
       Fresh soroban-env-macros v26.1.3
       Fresh ecdsa v0.16.9
       Fresh soroban-wasmi v0.31.1-soroban.20.0.1
       Fresh rand_core v0.9.5
       Fresh stellar-xdr v26.0.1
       Fresh curve25519-dalek v4.1.3
       Fresh ed25519 v2.2.3
       Fresh darling_core v0.20.11
       Fresh keccak v0.1.6
       Fresh ark-ec v0.5.0
       Fresh errno v0.3.14
       Fresh bitflags v2.13.1
       Fresh byteorder v1.5.0
       Fresh prettyplease v0.2.37
       Fresh k256 v0.13.4
       Fresh darling_macro v0.20.11
       Fresh getrandom v0.4.3
       Fresh ed25519-dalek v2.2.0
       Fresh p256 v0.13.2
       Fresh sha3 v0.10.9
       Fresh rustix v1.1.4
       Fresh ark-bls12-381 v0.5.0
       Fresh ark-bn254 v0.5.0
       Fresh hash32 v0.3.1
       Fresh soroban-spec v26.1.0
       Fresh soroban-builtin-sdk-macros v26.1.3
       Fresh stable_deref_trait v1.2.1
       Fresh hex-literal v0.4.1
       Fresh dtor-proc-macro v0.0.6
       Fresh fastrand v2.5.0
       Fresh darling v0.20.11
       Fresh soroban-env-common v26.1.3
       Fresh soroban-env-host v26.1.3
       Fresh soroban-spec-rust v26.1.0
       Fresh dtor v0.1.1
       Fresh heapless v0.8.0
       Fresh tempfile v3.27.0
       Fresh macro-string v0.1.4
       Fresh wait-timeout v0.2.1
       Fresh bit-vec v0.8.0
       Fresh ctor-proc-macro v0.0.6
       Fresh heck v0.5.0
       Fresh quick-error v1.2.3
       Fresh rand_xorshift v0.4.0
       Fresh rand_chacha v0.9.0
       Fresh stellar-strkey v0.0.16
       Fresh soroban-sdk-macros v26.1.0
       Fresh soroban-ledger-snapshot v26.1.0
       Fresh rusty-fork v0.3.1
       Fresh bit-set v0.8.0
       Fresh ctor v0.5.0
       Fresh rand v0.9.5
       Fresh bytes-lit v0.0.5
       Fresh visibility v0.1.1
       Fresh regex-syntax v0.8.11
       Fresh unarray v0.1.4
       Fresh soroban-sdk v26.1.0
       Fresh proptest v1.11.0
       Fresh proptest-arbitrary-interop v0.1.0
       Dirty soroban-vault v0.1.0 (/private/var/folders/bw/48pkqypd3pd7_c8l3ckzlmdw0000gp/T/cargo-mutants-stellar-studies-NqzUXr.tmp/04-prototype-development/contracts/soroban-vault): the file `04-prototype-development/contracts/soroban-vault/src/lib.rs` has changed (1789676045.476274861s, 34s after last build at 1789676011.989216190s)
   Compiling soroban-vault v0.1.0 (/private/var/folders/bw/48pkqypd3pd7_c8l3ckzlmdw0000gp/T/cargo-mutants-stellar-studies-NqzUXr.tmp/04-prototype-development/contracts/soroban-vault)
     Running `/Users/igorfambonatti/.rustup/toolchains/stable-aarch64-apple-darwin/bin/rustc --crate-name soroban_vault --edition=2021 04-prototype-development/contracts/soroban-vault/src/lib.rs --error-format=json --json=diagnostic-rendered-ansi,artifacts,future-incompat --emit=dep-info,link -C embed-bitcode=no -C debuginfo=2 -C split-debuginfo=unpacked --test --check-cfg 'cfg(docsrs,test)' --check-cfg 'cfg(feature, values("bug_missing_auth", "bug_no_ttl", "bug_overflow", "bug_reinit", "bug_self_transfer", "bug_temp_nonce", "bug_zero_amount"))' -C metadata=1d80e85bbbdf9027 -C extra-filename=-bce8593a16df1a94 --out-dir /private/var/folders/bw/48pkqypd3pd7_c8l3ckzlmdw0000gp/T/cargo-mutants-stellar-studies-NqzUXr.tmp/target/debug/deps -C incremental=/private/var/folders/bw/48pkqypd3pd7_c8l3ckzlmdw0000gp/T/cargo-mutants-stellar-studies-NqzUXr.tmp/target/debug/incremental -L dependency=/private/var/folders/bw/48pkqypd3pd7_c8l3ckzlmdw0000gp/T/cargo-mutants-stellar-studies-NqzUXr.tmp/target/debug/deps --extern arbitrary=/private/var/folders/bw/48pkqypd3pd7_c8l3ckzlmdw0000gp/T/cargo-mutants-stellar-studies-NqzUXr.tmp/target/debug/deps/libarbitrary-b15fe09805a10503.rlib --extern proptest=/private/var/folders/bw/48pkqypd3pd7_c8l3ckzlmdw0000gp/T/cargo-mutants-stellar-studies-NqzUXr.tmp/target/debug/deps/libproptest-ebc82c2f62035854.rlib --extern proptest_arbitrary_interop=/private/var/folders/bw/48pkqypd3pd7_c8l3ckzlmdw0000gp/T/cargo-mutants-stellar-studies-NqzUXr.tmp/target/debug/deps/libproptest_arbitrary_interop-8fcd0e348bdb6c2d.rlib --extern soroban_sdk=/private/var/folders/bw/48pkqypd3pd7_c8l3ckzlmdw0000gp/T/cargo-mutants-stellar-studies-NqzUXr.tmp/target/debug/deps/libsoroban_sdk-e62747f56c1fb4bb.rlib`
     Running `/Users/igorfambonatti/.rustup/toolchains/stable-aarch64-apple-darwin/bin/rustc --crate-name soroban_vault --edition=2021 04-prototype-development/contracts/soroban-vault/src/lib.rs --error-format=json --json=diagnostic-rendered-ansi,artifacts,future-incompat --crate-type lib --emit=dep-info,metadata,link -C embed-bitcode=no -C debuginfo=2 -C split-debuginfo=unpacked --check-cfg 'cfg(docsrs,test)' --check-cfg 'cfg(feature, values("bug_missing_auth", "bug_no_ttl", "bug_overflow", "bug_reinit", "bug_self_transfer", "bug_temp_nonce", "bug_zero_amount"))' -C metadata=3876bb9ecdd8693e -C extra-filename=-89a10c6dc4b3cd63 --out-dir /private/var/folders/bw/48pkqypd3pd7_c8l3ckzlmdw0000gp/T/cargo-mutants-stellar-studies-NqzUXr.tmp/target/debug/deps -C incremental=/private/var/folders/bw/48pkqypd3pd7_c8l3ckzlmdw0000gp/T/cargo-mutants-stellar-studies-NqzUXr.tmp/target/debug/incremental -L dependency=/private/var/folders/bw/48pkqypd3pd7_c8l3ckzlmdw0000gp/T/cargo-mutants-stellar-studies-NqzUXr.tmp/target/debug/deps --extern soroban_sdk=/private/var/folders/bw/48pkqypd3pd7_c8l3ckzlmdw0000gp/T/cargo-mutants-stellar-studies-NqzUXr.tmp/target/debug/deps/libsoroban_sdk-e62747f56c1fb4bb.rmeta`
     Running `/Users/igorfambonatti/.rustup/toolchains/stable-aarch64-apple-darwin/bin/rustc --crate-name proptest_ai --edition=2021 04-prototype-development/contracts/soroban-vault/tests/proptest_ai.rs --error-format=json --json=diagnostic-rendered-ansi,artifacts,future-incompat --emit=dep-info,link -C embed-bitcode=no -C debuginfo=2 -C split-debuginfo=unpacked --test --check-cfg 'cfg(docsrs,test)' --check-cfg 'cfg(feature, values("bug_missing_auth", "bug_no_ttl", "bug_overflow", "bug_reinit", "bug_self_transfer", "bug_temp_nonce", "bug_zero_amount"))' -C metadata=5763f149b77c10de -C extra-filename=-f790cf1d5da483ca --out-dir /private/var/folders/bw/48pkqypd3pd7_c8l3ckzlmdw0000gp/T/cargo-mutants-stellar-studies-NqzUXr.tmp/target/debug/deps -C incremental=/private/var/folders/bw/48pkqypd3pd7_c8l3ckzlmdw0000gp/T/cargo-mutants-stellar-studies-NqzUXr.tmp/target/debug/incremental -L dependency=/private/var/folders/bw/48pkqypd3pd7_c8l3ckzlmdw0000gp/T/cargo-mutants-stellar-studies-NqzUXr.tmp/target/debug/deps --extern arbitrary=/private/var/folders/bw/48pkqypd3pd7_c8l3ckzlmdw0000gp/T/cargo-mutants-stellar-studies-NqzUXr.tmp/target/debug/deps/libarbitrary-b15fe09805a10503.rlib --extern proptest=/private/var/folders/bw/48pkqypd3pd7_c8l3ckzlmdw0000gp/T/cargo-mutants-stellar-studies-NqzUXr.tmp/target/debug/deps/libproptest-ebc82c2f62035854.rlib --extern proptest_arbitrary_interop=/private/var/folders/bw/48pkqypd3pd7_c8l3ckzlmdw0000gp/T/cargo-mutants-stellar-studies-NqzUXr.tmp/target/debug/deps/libproptest_arbitrary_interop-8fcd0e348bdb6c2d.rlib --extern soroban_sdk=/private/var/folders/bw/48pkqypd3pd7_c8l3ckzlmdw0000gp/T/cargo-mutants-stellar-studies-NqzUXr.tmp/target/debug/deps/libsoroban_sdk-e62747f56c1fb4bb.rlib --extern soroban_vault=/private/var/folders/bw/48pkqypd3pd7_c8l3ckzlmdw0000gp/T/cargo-mutants-stellar-studies-NqzUXr.tmp/target/debug/deps/libsoroban_vault-89a10c6dc4b3cd63.rlib`
     Running `/Users/igorfambonatti/.rustup/toolchains/stable-aarch64-apple-darwin/bin/rustc --crate-name proptest_baseline --edition=2021 04-prototype-development/contracts/soroban-vault/tests/proptest_baseline.rs --error-format=json --json=diagnostic-rendered-ansi,artifacts,future-incompat --emit=dep-info,link -C embed-bitcode=no -C debuginfo=2 -C split-debuginfo=unpacked --test --check-cfg 'cfg(docsrs,test)' --check-cfg 'cfg(feature, values("bug_missing_auth", "bug_no_ttl", "bug_overflow", "bug_reinit", "bug_self_transfer", "bug_temp_nonce", "bug_zero_amount"))' -C metadata=8c7067f738ca187b -C extra-filename=-3e562011cbd3d845 --out-dir /private/var/folders/bw/48pkqypd3pd7_c8l3ckzlmdw0000gp/T/cargo-mutants-stellar-studies-NqzUXr.tmp/target/debug/deps -C incremental=/private/var/folders/bw/48pkqypd3pd7_c8l3ckzlmdw0000gp/T/cargo-mutants-stellar-studies-NqzUXr.tmp/target/debug/incremental -L dependency=/private/var/folders/bw/48pkqypd3pd7_c8l3ckzlmdw0000gp/T/cargo-mutants-stellar-studies-NqzUXr.tmp/target/debug/deps --extern arbitrary=/private/var/folders/bw/48pkqypd3pd7_c8l3ckzlmdw0000gp/T/cargo-mutants-stellar-studies-NqzUXr.tmp/target/debug/deps/libarbitrary-b15fe09805a10503.rlib --extern proptest=/private/var/folders/bw/48pkqypd3pd7_c8l3ckzlmdw0000gp/T/cargo-mutants-stellar-studies-NqzUXr.tmp/target/debug/deps/libproptest-ebc82c2f62035854.rlib --extern proptest_arbitrary_interop=/private/var/folders/bw/48pkqypd3pd7_c8l3ckzlmdw0000gp/T/cargo-mutants-stellar-studies-NqzUXr.tmp/target/debug/deps/libproptest_arbitrary_interop-8fcd0e348bdb6c2d.rlib --extern soroban_sdk=/private/var/folders/bw/48pkqypd3pd7_c8l3ckzlmdw0000gp/T/cargo-mutants-stellar-studies-NqzUXr.tmp/target/debug/deps/libsoroban_sdk-e62747f56c1fb4bb.rlib --extern soroban_vault=/private/var/folders/bw/48pkqypd3pd7_c8l3ckzlmdw0000gp/T/cargo-mutants-stellar-studies-NqzUXr.tmp/target/debug/deps/libsoroban_vault-89a10c6dc4b3cd63.rlib`
    Finished `test` profile [unoptimized + debuginfo] target(s) in 0.68s
  Executable `/private/var/folders/bw/48pkqypd3pd7_c8l3ckzlmdw0000gp/T/cargo-mutants-stellar-studies-NqzUXr.tmp/target/debug/deps/soroban_vault-bce8593a16df1a94`
  Executable `/private/var/folders/bw/48pkqypd3pd7_c8l3ckzlmdw0000gp/T/cargo-mutants-stellar-studies-NqzUXr.tmp/target/debug/deps/proptest_ai-f790cf1d5da483ca`
  Executable `/private/var/folders/bw/48pkqypd3pd7_c8l3ckzlmdw0000gp/T/cargo-mutants-stellar-studies-NqzUXr.tmp/target/debug/deps/proptest_baseline-3e562011cbd3d845`

*** result: Success

*** /Users/igorfambonatti/.rustup/toolchains/stable-aarch64-apple-darwin/bin/cargo test --verbose --package=soroban-vault@0.1.0 --test proptest_ai
       Fresh unicode-ident v1.0.24
       Fresh version_check v0.9.5
       Fresh cfg-if v1.0.4
       Fresh typenum v1.20.1
       Fresh memchr v2.8.2
       Fresh itoa v1.0.18
       Fresh autocfg v1.5.1
       Fresh subtle v2.6.1
       Fresh proc-macro2 v1.0.106
       Fresh const-oid v0.9.6
       Fresh ident_case v1.0.1
       Fresh strsim v0.11.1
       Fresh quote v1.0.45
       Fresh serde_core v1.0.228
       Fresh zmij v1.0.21
       Fresh semver v1.0.28
       Fresh dyn-clone v1.0.20
       Fresh data-encoding v2.11.0
       Fresh syn v2.0.117
       Fresh serde_json v1.0.150
       Fresh getrandom v0.2.17
       Fresh zerocopy v0.8.52
       Fresh num-traits v0.2.19
       Fresh once_cell v1.21.4
       Fresh escape-bytes v0.1.1
       Fresh ethnum v1.5.3
       Fresh rustc_version v0.4.1
       Fresh serde_derive v1.0.228
       Fresh zeroize_derive v1.5.0
       Fresh rand_core v0.6.4
       Fresh darling_core v0.23.0
       Fresh ppv-lite86 v0.2.21
       Fresh libc v0.2.186
       Fresh paste v1.0.15
       Fresh cfg_eval v0.1.2
       Fresh enum-ordinalize-derive v4.3.2
       Fresh num-integer v0.1.46
       Fresh ark-serialize-derive v0.5.0
       Fresh serde v1.0.228
       Fresh zeroize v1.9.0
       Fresh darling_macro v0.23.0
       Fresh cpufeatures v0.2.17
       Fresh rand_chacha v0.3.1
       Fresh enum-ordinalize v4.3.2
       Fresh num-bigint v0.4.6
       Fresh ff v0.13.1
       Fresh arrayvec v0.7.6
       Fresh equivalent v1.0.2
       Fresh either v1.16.0
       Fresh base16ct v0.2.0
       Fresh generic-array v0.14.9
       Fresh crate-git-revision v0.0.6
       Fresh darling v0.23.0
       Fresh schemars v0.8.22
       Fresh hex v0.4.3
       Fresh rand v0.8.6
       Fresh der v0.7.10
       Fresh hashbrown v0.17.1
       Fresh group v0.13.0
       Fresh educe v0.6.0
       Fresh ark-ff-macros v0.5.0
       Fresh itertools v0.13.0
       Fresh block-buffer v0.10.4
       Fresh crypto-common v0.1.6
       Fresh serde_with_macros v3.21.0
       Fresh ark-std v0.5.0
       Fresh sec1 v0.7.3
       Fresh crypto-bigint v0.5.5
       Fresh indexmap v2.14.0
       Fresh ark-ff-asm v0.5.0
       Fresh base64 v0.22.1
       Fresh allocator-api2 v0.2.21
       Fresh fnv v1.0.7
       Fresh ahash v0.8.12
       Fresh digest v0.10.7
       Fresh wasmparser v0.116.1
       Fresh hashbrown v0.15.5
       Fresh derive_arbitrary v1.3.2
       Fresh num-derive v0.4.2
       Fresh thiserror-impl v1.0.69
       Fresh downcast-rs v1.2.1
       Fresh stellar-strkey v0.0.13
       Fresh signature v2.2.0
       Fresh ark-serialize v0.5.0
       Fresh sha2 v0.10.9
       Fresh elliptic-curve v0.13.8
       Fresh hmac v0.12.1
       Fresh arbitrary v1.3.2
       Fresh libm v0.2.16
       Fresh indexmap-nostd v0.4.0
       Fresh static_assertions v1.1.0
       Fresh serde_with v3.21.0
       Fresh ark-ff v0.5.0
       Fresh rfc6979 v0.4.0
       Fresh getrandom v0.3.4
       Fresh wasmparser-nostd v0.100.2
       Fresh wasmi_core v0.13.0
       Fresh thiserror v1.0.69
       Fresh wasmi_arena v0.4.1
       Fresh spin v0.9.8
       Fresh smallvec v1.15.2
       Fresh curve25519-dalek v4.1.3
       Fresh soroban-env-macros v26.1.3
       Fresh ark-poly v0.5.0
       Fresh ecdsa v0.16.9
       Fresh soroban-wasmi v0.31.1-soroban.20.0.1
       Fresh rand_core v0.9.5
       Fresh stellar-xdr v26.0.1
       Fresh ed25519 v2.2.3
       Fresh primeorder v0.13.6
       Fresh darling_core v0.20.11
       Fresh keccak v0.1.6
       Fresh ark-ec v0.5.0
       Fresh errno v0.3.14
       Fresh byteorder v1.5.0
       Fresh bitflags v2.13.1
       Fresh darling_macro v0.20.11
       Fresh p256 v0.13.2
       Fresh ed25519-dalek v2.2.0
       Fresh getrandom v0.4.3
       Fresh sha3 v0.10.9
       Fresh prettyplease v0.2.37
       Fresh k256 v0.13.4
       Fresh hash32 v0.3.1
       Fresh ark-bls12-381 v0.5.0
       Fresh ark-bn254 v0.5.0
       Fresh rustix v1.1.4
       Fresh soroban-spec v26.1.0
       Fresh soroban-builtin-sdk-macros v26.1.3
       Fresh dtor-proc-macro v0.0.6
       Fresh hex-literal v0.4.1
       Fresh fastrand v2.5.0
       Fresh stable_deref_trait v1.2.1
       Fresh soroban-env-common v26.1.3
       Fresh darling v0.20.11
       Fresh heapless v0.8.0
       Fresh tempfile v3.27.0
       Fresh soroban-env-host v26.1.3
       Fresh soroban-spec-rust v26.1.0
       Fresh dtor v0.1.1
       Fresh macro-string v0.1.4
       Fresh wait-timeout v0.2.1
       Fresh heck v0.5.0
       Fresh ctor-proc-macro v0.0.6
       Fresh bit-vec v0.8.0
       Fresh quick-error v1.2.3
       Fresh rand v0.9.5
       Fresh rand_chacha v0.9.0
       Fresh soroban-sdk-macros v26.1.0
       Fresh bit-set v0.8.0
       Fresh stellar-strkey v0.0.16
       Fresh rusty-fork v0.3.1
       Fresh soroban-ledger-snapshot v26.1.0
       Fresh ctor v0.5.0
       Fresh rand_xorshift v0.4.0
       Fresh bytes-lit v0.0.5
       Fresh visibility v0.1.1
       Fresh unarray v0.1.4
       Fresh regex-syntax v0.8.11
       Fresh proptest v1.11.0
       Fresh soroban-sdk v26.1.0
       Fresh proptest-arbitrary-interop v0.1.0
       Fresh soroban-vault v0.1.0 (/private/var/folders/bw/48pkqypd3pd7_c8l3ckzlmdw0000gp/T/cargo-mutants-stellar-studies-NqzUXr.tmp/04-prototype-development/contracts/soroban-vault)
    Finished `test` profile [unoptimized + debuginfo] target(s) in 0.08s
     Running `/private/var/folders/bw/48pkqypd3pd7_c8l3ckzlmdw0000gp/T/cargo-mutants-stellar-studies-NqzUXr.tmp/target/debug/deps/proptest_ai-f790cf1d5da483ca`

running 11 tests
test prop_sequence_state_invariants ... FAILED
test prop_i5_no_auth_cannot_decrease_balance ... ok
test prop_n3_views_are_pure ... ok
test prop_i10_balance_ttl_on_first_write ... ok
test prop_i9_reinitialize_rejected ... ok
test prop_n1_instance_ttl ... ok
test prop_i8_transfer_shares ... ok
test prop_i12_pause_semantics ... ok
test prop_i4_admin_custody ... ok
test prop_i11_temporary_tier_non_interference ... ok
test prop_exact_share_accounting has been running for over 60 seconds
test prop_exact_share_accounting ... FAILED

failures:

---- prop_sequence_state_invariants stdout ----
proptest: FileFailurePersistence::SourceParallel set, but failed to find lib.rs or main.rs
Writing test snapshot file for test "prop_sequence_state_invariants" to "test_snapshots/prop_sequence_state_invariants.1.json".
Writing test snapshot file for test "prop_sequence_state_invariants" to "test_snapshots/prop_sequence_state_invariants.2.json".
Writing test snapshot file for test "prop_sequence_state_invariants" to "test_snapshots/prop_sequence_state_invariants.3.json".
Writing test snapshot file for test "prop_sequence_state_invariants" to "test_snapshots/prop_sequence_state_invariants.4.json".
Writing test snapshot file for test "prop_sequence_state_invariants" to "test_snapshots/prop_sequence_state_invariants.5.json".
Writing test snapshot file for test "prop_sequence_state_invariants" to "test_snapshots/prop_sequence_state_invariants.6.json".
Writing test snapshot file for test "prop_sequence_state_invariants" to "test_snapshots/prop_sequence_state_invariants.7.json".
Writing test snapshot file for test "prop_sequence_state_invariants" to "test_snapshots/prop_sequence_state_invariants.8.json".
Writing test snapshot file for test "prop_sequence_state_invariants" to "test_snapshots/prop_sequence_state_invariants.9.json".
Writing test snapshot file for test "prop_sequence_state_invariants" to "test_snapshots/prop_sequence_state_invariants.10.json".
Writing test snapshot file for test "prop_sequence_state_invariants" to "test_snapshots/prop_sequence_state_invariants.11.json".
Writing test snapshot file for test "prop_sequence_state_invariants" to "test_snapshots/prop_sequence_state_invariants.12.json".
Writing test snapshot file for test "prop_sequence_state_invariants" to "test_snapshots/prop_sequence_state_invariants.13.json".
Writing test snapshot file for test "prop_sequence_state_invariants" to "test_snapshots/prop_sequence_state_invariants.14.json".
Writing test snapshot file for test "prop_sequence_state_invariants" to "test_snapshots/prop_sequence_state_invariants.15.json".
Writing test snapshot file for test "prop_sequence_state_invariants" to "test_snapshots/prop_sequence_state_invariants.16.json".
Writing test snapshot file for test "prop_sequence_state_invariants" to "test_snapshots/prop_sequence_state_invariants.17.json".
Writing test snapshot file for test "prop_sequence_state_invariants" to "test_snapshots/prop_sequence_state_invariants.18.json".
Writing test snapshot file for test "prop_sequence_state_invariants" to "test_snapshots/prop_sequence_state_invariants.19.json".
Writing test snapshot file for test "prop_sequence_state_invariants" to "test_snapshots/prop_sequence_state_invariants.20.json".
Writing test snapshot file for test "prop_sequence_state_invariants" to "test_snapshots/prop_sequence_state_invariants.21.json".
Writing test snapshot file for test "prop_sequence_state_invariants" to "test_snapshots/prop_sequence_state_invariants.22.json".
Writing test snapshot file for test "prop_sequence_state_invariants" to "test_snapshots/prop_sequence_state_invariants.23.json".
Writing test snapshot file for test "prop_sequence_state_invariants" to "test_snapshots/prop_sequence_state_invariants.24.json".
Writing test snapshot file for test "prop_sequence_state_invariants" to "test_snapshots/prop_sequence_state_invariants.25.json".
Writing test snapshot file for test "prop_sequence_state_invariants" to "test_snapshots/prop_sequence_state_invariants.26.json".
Writing test snapshot file for test "prop_sequence_state_invariants" to "test_snapshots/prop_sequence_state_invariants.27.json".
Writing test snapshot file for test "prop_sequence_state_invariants" to "test_snapshots/prop_sequence_state_invariants.28.json".
Writing test snapshot file for test "prop_sequence_state_invariants" to "test_snapshots/prop_sequence_state_invariants.29.json".
Writing test snapshot file for test "prop_sequence_state_invariants" to "test_snapshots/prop_sequence_state_invariants.30.json".
Writing test snapshot file for test "prop_sequence_state_invariants" to "test_snapshots/prop_sequence_state_invariants.31.json".
Writing test snapshot file for test "prop_sequence_state_invariants" to "test_snapshots/prop_sequence_state_invariants.32.json".
Writing test snapshot file for test "prop_sequence_state_invariants" to "test_snapshots/prop_sequence_state_invariants.33.json".
Writing test snapshot file for test "prop_sequence_state_invariants" to "test_snapshots/prop_sequence_state_invariants.34.json".
Writing test snapshot file for test "prop_sequence_state_invariants" to "test_snapshots/prop_sequence_state_invariants.35.json".
Writing test snapshot file for test "prop_sequence_state_invariants" to "test_snapshots/prop_sequence_state_invariants.36.json".
Writing test snapshot file for test "prop_sequence_state_invariants" to "test_snapshots/prop_sequence_state_invariants.37.json".
Writing test snapshot file for test "prop_sequence_state_invariants" to "test_snapshots/prop_sequence_state_invariants.38.json".
Writing test snapshot file for test "prop_sequence_state_invariants" to "test_snapshots/prop_sequence_state_invariants.39.json".
Writing test snapshot file for test "prop_sequence_state_invariants" to "test_snapshots/prop_sequence_state_invariants.40.json".
Writing test snapshot file for test "prop_sequence_state_invariants" to "test_snapshots/prop_sequence_state_invariants.41.json".
Writing test snapshot file for test "prop_sequence_state_invariants" to "test_snapshots/prop_sequence_state_invariants.42.json".
Writing test snapshot file for test "prop_sequence_state_invariants" to "test_snapshots/prop_sequence_state_invariants.43.json".
Writing test snapshot file for test "prop_sequence_state_invariants" to "test_snapshots/prop_sequence_state_invariants.44.json".
Writing test snapshot file for test "prop_sequence_state_invariants" to "test_snapshots/prop_sequence_state_invariants.45.json".
Writing test snapshot file for test "prop_sequence_state_invariants" to "test_snapshots/prop_sequence_state_invariants.46.json".
Writing test snapshot file for test "prop_sequence_state_invariants" to "test_snapshots/prop_sequence_state_invariants.47.json".
Writing test snapshot file for test "prop_sequence_state_invariants" to "test_snapshots/prop_sequence_state_invariants.48.json".
Writing test snapshot file for test "prop_sequence_state_invariants" to "test_snapshots/prop_sequence_state_invariants.49.json".
Writing test snapshot file for test "prop_sequence_state_invariants" to "test_snapshots/prop_sequence_state_invariants.50.json".
Writing test snapshot file for test "prop_sequence_state_invariants" to "test_snapshots/prop_sequence_state_invariants.51.json".
Writing test snapshot file for test "prop_sequence_state_invariants" to "test_snapshots/prop_sequence_state_invariants.52.json".
Writing test snapshot file for test "prop_sequence_state_invariants" to "test_snapshots/prop_sequence_state_invariants.53.json".
Writing test snapshot file for test "prop_sequence_state_invariants" to "test_snapshots/prop_sequence_state_invariants.54.json".
Writing test snapshot file for test "prop_sequence_state_invariants" to "test_snapshots/prop_sequence_state_invariants.55.json".
Writing test snapshot file for test "prop_sequence_state_invariants" to "test_snapshots/prop_sequence_state_invariants.56.json".
Writing test snapshot file for test "prop_sequence_state_invariants" to "test_snapshots/prop_sequence_state_invariants.57.json".
Writing test snapshot file for test "prop_sequence_state_invariants" to "test_snapshots/prop_sequence_state_invariants.58.json".
Writing test snapshot file for test "prop_sequence_state_invariants" to "test_snapshots/prop_sequence_state_invariants.59.json".
Writing test snapshot file for test "prop_sequence_state_invariants" to "test_snapshots/prop_sequence_state_invariants.60.json".
Writing test snapshot file for test "prop_sequence_state_invariants" to "test_snapshots/prop_sequence_state_invariants.61.json".

thread 'prop_sequence_state_invariants' (3073061) panicked at 04-prototype-development/contracts/soroban-vault/tests/proptest_ai.rs:505:1:
Test failed: N2 broken at step 1 (Deposit { actor: 0, amount: 1 }): A == 3 < T == 6 (was A == 2, T == 2; outcome = DepositOk { actor: 0, amount: 1, shares: 4 }) at 04-prototype-development/contracts/soroban-vault/tests/proptest_ai.rs:565.
minimal failing input: ops = [
    Deposit {
        actor: 0,
        amount: 2,
    },
    Deposit {
        actor: 0,
        amount: 1,
    },
]
	successes: 0
	local rejects: 0
	global rejects: 0

note: run with `RUST_BACKTRACE=1` environment variable to display a backtrace

---- prop_exact_share_accounting stdout ----
proptest: FileFailurePersistence::SourceParallel set, but failed to find lib.rs or main.rs
Writing test snapshot file for test "prop_exact_share_accounting" to "test_snapshots/prop_exact_share_accounting.1.json".
Writing test snapshot file for test "prop_exact_share_accounting" to "test_snapshots/prop_exact_share_accounting.2.json".
Writing test snapshot file for test "prop_exact_share_accounting" to "test_snapshots/prop_exact_share_accounting.3.json".
Writing test snapshot file for test "prop_exact_share_accounting" to "test_snapshots/prop_exact_share_accounting.4.json".
Writing test snapshot file for test "prop_exact_share_accounting" to "test_snapshots/prop_exact_share_accounting.5.json".
Writing test snapshot file for test "prop_exact_share_accounting" to "test_snapshots/prop_exact_share_accounting.6.json".
Writing test snapshot file for test "prop_exact_share_accounting" to "test_snapshots/prop_exact_share_accounting.7.json".
Writing test snapshot file for test "prop_exact_share_accounting" to "test_snapshots/prop_exact_share_accounting.8.json".
Writing test snapshot file for test "prop_exact_share_accounting" to "test_snapshots/prop_exact_share_accounting.9.json".
Writing test snapshot file for test "prop_exact_share_accounting" to "test_snapshots/prop_exact_share_accounting.10.json".
Writing test snapshot file for test "prop_exact_share_accounting" to "test_snapshots/prop_exact_share_accounting.11.json".
Writing test snapshot file for test "prop_exact_share_accounting" to "test_snapshots/prop_exact_share_accounting.12.json".
Writing test snapshot file for test "prop_exact_share_accounting" to "test_snapshots/prop_exact_share_accounting.13.json".
Writing test snapshot file for test "prop_exact_share_accounting" to "test_snapshots/prop_exact_share_accounting.14.json".
Writing test snapshot file for test "prop_exact_share_accounting" to "test_snapshots/prop_exact_share_accounting.15.json".
Writing test snapshot file for test "prop_exact_share_accounting" to "test_snapshots/prop_exact_share_accounting.16.json".
Writing test snapshot file for test "prop_exact_share_accounting" to "test_snapshots/prop_exact_share_accounting.17.json".
Writing test snapshot file for test "prop_exact_share_accounting" to "test_snapshots/prop_exact_share_accounting.18.json".
Writing test snapshot file for test "prop_exact_share_accounting" to "test_snapshots/prop_exact_share_accounting.19.json".
Writing test snapshot file for test "prop_exact_share_accounting" to "test_snapshots/prop_exact_share_accounting.20.json".
Writing test snapshot file for test "prop_exact_share_accounting" to "test_snapshots/prop_exact_share_accounting.21.json".
Writing test snapshot file for test "prop_exact_share_accounting" to "test_snapshots/prop_exact_share_accounting.22.json".
Writing test snapshot file for test "prop_exact_share_accounting" to "test_snapshots/prop_exact_share_accounting.23.json".
Writing test snapshot file for test "prop_exact_share_accounting" to "test_snapshots/prop_exact_share_accounting.24.json".
Writing test snapshot file for test "prop_exact_share_accounting" to "test_snapshots/prop_exact_share_accounting.25.json".
Writing test snapshot file for test "prop_exact_share_accounting" to "test_snapshots/prop_exact_share_accounting.26.json".
Writing test snapshot file for test "prop_exact_share_accounting" to "test_snapshots/prop_exact_share_accounting.27.json".
Writing test snapshot file for test "prop_exact_share_accounting" to "test_snapshots/prop_exact_share_accounting.28.json".
Writing test snapshot file for test "prop_exact_share_accounting" to "test_snapshots/prop_exact_share_accounting.29.json".
Writing test snapshot file for test "prop_exact_share_accounting" to "test_snapshots/prop_exact_share_accounting.30.json".
Writing test snapshot file for test "prop_exact_share_accounting" to "test_snapshots/prop_exact_share_accounting.31.json".
Writing test snapshot file for test "prop_exact_share_accounting" to "test_snapshots/prop_exact_share_accounting.32.json".
Writing test snapshot file for test "prop_exact_share_accounting" to "test_snapshots/prop_exact_share_accounting.33.json".
Writing test snapshot file for test "prop_exact_share_accounting" to "test_snapshots/prop_exact_share_accounting.34.json".
Writing test snapshot file for test "prop_exact_share_accounting" to "test_snapshots/prop_exact_share_accounting.35.json".
Writing test snapshot file for test "prop_exact_share_accounting" to "test_snapshots/prop_exact_share_accounting.36.json".
Writing test snapshot file for test "prop_exact_share_accounting" to "test_snapshots/prop_exact_share_accounting.37.json".
Writing test snapshot file for test "prop_exact_share_accounting" to "test_snapshots/prop_exact_share_accounting.38.json".
Writing test snapshot file for test "prop_exact_share_accounting" to "test_snapshots/prop_exact_share_accounting.39.json".
Writing test snapshot file for test "prop_exact_share_accounting" to "test_snapshots/prop_exact_share_accounting.40.json".
Writing test snapshot file for test "prop_exact_share_accounting" to "test_snapshots/prop_exact_share_accounting.41.json".
Writing test snapshot file for test "prop_exact_share_accounting" to "test_snapshots/prop_exact_share_accounting.42.json".
Writing test snapshot file for test "prop_exact_share_accounting" to "test_snapshots/prop_exact_share_accounting.43.json".
Writing test snapshot file for test "prop_exact_share_accounting" to "test_snapshots/prop_exact_share_accounting.44.json".
Writing test snapshot file for test "prop_exact_share_accounting" to "test_snapshots/prop_exact_share_accounting.45.json".
Writing test snapshot file for test "prop_exact_share_accounting" to "test_snapshots/prop_exact_share_accounting.46.json".
Writing test snapshot file for test "prop_exact_share_accounting" to "test_snapshots/prop_exact_share_accounting.47.json".
Writing test snapshot file for test "prop_exact_share_accounting" to "test_snapshots/prop_exact_share_accounting.48.json".
Writing test snapshot file for test "prop_exact_share_accounting" to "test_snapshots/prop_exact_share_accounting.49.json".
Writing test snapshot file for test "prop_exact_share_accounting" to "test_snapshots/prop_exact_share_accounting.50.json".
Writing test snapshot file for test "prop_exact_share_accounting" to "test_snapshots/prop_exact_share_accounting.51.json".
Writing test snapshot file for test "prop_exact_share_accounting" to "test_snapshots/prop_exact_share_accounting.52.json".
Writing test snapshot file for test "prop_exact_share_accounting" to "test_snapshots/prop_exact_share_accounting.53.json".
Writing test snapshot file for test "prop_exact_share_accounting" to "test_snapshots/prop_exact_share_accounting.54.json".
Writing test snapshot file for test "prop_exact_share_accounting" to "test_snapshots/prop_exact_share_accounting.55.json".
Writing test snapshot file for test "prop_exact_share_accounting" to "test_snapshots/prop_exact_share_accounting.56.json".
Writing test snapshot file for test "prop_exact_share_accounting" to "test_snapshots/prop_exact_share_accounting.57.json".
Writing test snapshot file for test "prop_exact_share_accounting" to "test_snapshots/prop_exact_share_accounting.58.json".
Writing test snapshot file for test "prop_exact_share_accounting" to "test_snapshots/prop_exact_share_accounting.59.json".
Writing test snapshot file for test "prop_exact_share_accounting" to "test_snapshots/prop_exact_share_accounting.60.json".
Writing test snapshot file for test "prop_exact_share_accounting" to "test_snapshots/prop_exact_share_accounting.61.json".
Writing test snapshot file for test "prop_exact_share_accounting" to "test_snapshots/prop_exact_share_accounting.62.json".
Writing test snapshot file for test "prop_exact_share_accounting" to "test_snapshots/prop_exact_share_accounting.63.json".
Writing test snapshot file for test "prop_exact_share_accounting" to "test_snapshots/prop_exact_share_accounting.64.json".
Writing test snapshot file for test "prop_exact_share_accounting" to "test_snapshots/prop_exact_share_accounting.65.json".
Writing test snapshot file for test "prop_exact_share_accounting" to "test_snapshots/prop_exact_share_accounting.66.json".
Writing test snapshot file for test "prop_exact_share_accounting" to "test_snapshots/prop_exact_share_accounting.67.json".
Writing test snapshot file for test "prop_exact_share_accounting" to "test_snapshots/prop_exact_share_accounting.68.json".
Writing test snapshot file for test "prop_exact_share_accounting" to "test_snapshots/prop_exact_share_accounting.69.json".
Writing test snapshot file for test "prop_exact_share_accounting" to "test_snapshots/prop_exact_share_accounting.70.json".
Writing test snapshot file for test "prop_exact_share_accounting" to "test_snapshots/prop_exact_share_accounting.71.json".
Writing test snapshot file for test "prop_exact_share_accounting" to "test_snapshots/prop_exact_share_accounting.72.json".
Writing test snapshot file for test "prop_exact_share_accounting" to "test_snapshots/prop_exact_share_accounting.73.json".
Writing test snapshot file for test "prop_exact_share_accounting" to "test_snapshots/prop_exact_share_accounting.74.json".
Writing test snapshot file for test "prop_exact_share_accounting" to "test_snapshots/prop_exact_share_accounting.75.json".
Writing test snapshot file for test "prop_exact_share_accounting" to "test_snapshots/prop_exact_share_accounting.76.json".
Writing test snapshot file for test "prop_exact_share_accounting" to "test_snapshots/prop_exact_share_accounting.77.json".
Writing test snapshot file for test "prop_exact_share_accounting" to "test_snapshots/prop_exact_share_accounting.78.json".
Writing test snapshot file for test "prop_exact_share_accounting" to "test_snapshots/prop_exact_share_accounting.79.json".
Writing test snapshot file for test "prop_exact_share_accounting" to "test_snapshots/prop_exact_share_accounting.80.json".
Writing test snapshot file for test "prop_exact_share_accounting" to "test_snapshots/prop_exact_share_accounting.81.json".
Writing test snapshot file for test "prop_exact_share_accounting" to "test_snapshots/prop_exact_share_accounting.82.json".
Writing test snapshot file for test "prop_exact_share_accounting" to "test_snapshots/prop_exact_share_accounting.83.json".
Writing test snapshot file for test "prop_exact_share_accounting" to "test_snapshots/prop_exact_share_accounting.84.json".
Writing test snapshot file for test "prop_exact_share_accounting" to "test_snapshots/prop_exact_share_accounting.85.json".
Writing test snapshot file for test "prop_exact_share_accounting" to "test_snapshots/prop_exact_share_accounting.86.json".
Writing test snapshot file for test "prop_exact_share_accounting" to "test_snapshots/prop_exact_share_accounting.87.json".
Writing test snapshot file for test "prop_exact_share_accounting" to "test_snapshots/prop_exact_share_accounting.88.json".
Writing test snapshot file for test "prop_exact_share_accounting" to "test_snapshots/prop_exact_share_accounting.89.json".
Writing test snapshot file for test "prop_exact_share_accounting" to "test_snapshots/prop_exact_share_accounting.90.json".
Writing test snapshot file for test "prop_exact_share_accounting" to "test_snapshots/prop_exact_share_accounting.91.json".
Writing test snapshot file for test "prop_exact_share_accounting" to "test_snapshots/prop_exact_share_accounting.92.json".
Writing test snapshot file for test "prop_exact_share_accounting" to "test_snapshots/prop_exact_share_accounting.93.json".
Writing test snapshot file for test "prop_exact_share_accounting" to "test_snapshots/prop_exact_share_accounting.94.json".
Writing test snapshot file for test "prop_exact_share_accounting" to "test_snapshots/prop_exact_share_accounting.95.json".
Writing test snapshot file for test "prop_exact_share_accounting" to "test_snapshots/prop_exact_share_accounting.96.json".
Writing test snapshot file for test "prop_exact_share_accounting" to "test_snapshots/prop_exact_share_accounting.97.json".
Writing test snapshot file for test "prop_exact_share_accounting" to "test_snapshots/prop_exact_share_accounting.98.json".
Writing test snapshot file for test "prop_exact_share_accounting" to "test_snapshots/prop_exact_share_accounting.99.json".
Writing test snapshot file for test "prop_exact_share_accounting" to "test_snapshots/prop_exact_share_accounting.100.json".
Writing test snapshot file for test "prop_exact_share_accounting" to "test_snapshots/prop_exact_share_accounting.101.json".
Writing test snapshot file for test "prop_exact_share_accounting" to "test_snapshots/prop_exact_share_accounting.102.json".
Writing test snapshot file for test "prop_exact_share_accounting" to "test_snapshots/prop_exact_share_accounting.103.json".
Writing test snapshot file for test "prop_exact_share_accounting" to "test_snapshots/prop_exact_share_accounting.104.json".
Writing test snapshot file for test "prop_exact_share_accounting" to "test_snapshots/prop_exact_share_accounting.105.json".
Writing test snapshot file for test "prop_exact_share_accounting" to "test_snapshots/prop_exact_share_accounting.106.json".
Writing test snapshot file for test "prop_exact_share_accounting" to "test_snapshots/prop_exact_share_accounting.107.json".
Writing test snapshot file for test "prop_exact_share_accounting" to "test_snapshots/prop_exact_share_accounting.108.json".
Writing test snapshot file for test "prop_exact_share_accounting" to "test_snapshots/prop_exact_share_accounting.109.json".
Writing test snapshot file for test "prop_exact_share_accounting" to "test_snapshots/prop_exact_share_accounting.110.json".
Writing test snapshot file for test "prop_exact_share_accounting" to "test_snapshots/prop_exact_share_accounting.111.json".
Writing test snapshot file for test "prop_exact_share_accounting" to "test_snapshots/prop_exact_share_accounting.112.json".
Writing test snapshot file for test "prop_exact_share_accounting" to "test_snapshots/prop_exact_share_accounting.113.json".
Writing test snapshot file for test "prop_exact_share_accounting" to "test_snapshots/prop_exact_share_accounting.114.json".
Writing test snapshot file for test "prop_exact_share_accounting" to "test_snapshots/prop_exact_share_accounting.115.json".
Writing test snapshot file for test "prop_exact_share_accounting" to "test_snapshots/prop_exact_share_accounting.116.json".
Writing test snapshot file for test "prop_exact_share_accounting" to "test_snapshots/prop_exact_share_accounting.117.json".
Writing test snapshot file for test "prop_exact_share_accounting" to "test_snapshots/prop_exact_share_accounting.118.json".
Writing test snapshot file for test "prop_exact_share_accounting" to "test_snapshots/prop_exact_share_accounting.119.json".
Writing test snapshot file for test "prop_exact_share_accounting" to "test_snapshots/prop_exact_share_accounting.120.json".
Writing test snapshot file for test "prop_exact_share_accounting" to "test_snapshots/prop_exact_share_accounting.121.json".
Writing test snapshot file for test "prop_exact_share_accounting" to "test_snapshots/prop_exact_share_accounting.122.json".
Writing test snapshot file for test "prop_exact_share_accounting" to "test_snapshots/prop_exact_share_accounting.123.json".
Writing test snapshot file for test "prop_exact_share_accounting" to "test_snapshots/prop_exact_share_accounting.124.json".
Writing test snapshot file for test "prop_exact_share_accounting" to "test_snapshots/prop_exact_share_accounting.125.json".
Writing test snapshot file for test "prop_exact_share_accounting" to "test_snapshots/prop_exact_share_accounting.126.json".
Writing test snapshot file for test "prop_exact_share_accounting" to "test_snapshots/prop_exact_share_accounting.127.json".
Writing test snapshot file for test "prop_exact_share_accounting" to "test_snapshots/prop_exact_share_accounting.128.json".
Writing test snapshot file for test "prop_exact_share_accounting" to "test_snapshots/prop_exact_share_accounting.129.json".
Writing test snapshot file for test "prop_exact_share_accounting" to "test_snapshots/prop_exact_share_accounting.130.json".
Writing test snapshot file for test "prop_exact_share_accounting" to "test_snapshots/prop_exact_share_accounting.131.json".
Writing test snapshot file for test "prop_exact_share_accounting" to "test_snapshots/prop_exact_share_accounting.132.json".
Writing test snapshot file for test "prop_exact_share_accounting" to "test_snapshots/prop_exact_share_accounting.133.json".
Writing test snapshot file for test "prop_exact_share_accounting" to "test_snapshots/prop_exact_share_accounting.134.json".
Writing test snapshot file for test "prop_exact_share_accounting" to "test_snapshots/prop_exact_share_accounting.135.json".
Writing test snapshot file for test "prop_exact_share_accounting" to "test_snapshots/prop_exact_share_accounting.136.json".
Writing test snapshot file for test "prop_exact_share_accounting" to "test_snapshots/prop_exact_share_accounting.137.json".
Writing test snapshot file for test "prop_exact_share_accounting" to "test_snapshots/prop_exact_share_accounting.138.json".
Writing test snapshot file for test "prop_exact_share_accounting" to "test_snapshots/prop_exact_share_accounting.139.json".
Writing test snapshot file for test "prop_exact_share_accounting" to "test_snapshots/prop_exact_share_accounting.140.json".
Writing test snapshot file for test "prop_exact_share_accounting" to "test_snapshots/prop_exact_share_accounting.141.json".
Writing test snapshot file for test "prop_exact_share_accounting" to "test_snapshots/prop_exact_share_accounting.142.json".
Writing test snapshot file for test "prop_exact_share_accounting" to "test_snapshots/prop_exact_share_accounting.143.json".
Writing test snapshot file for test "prop_exact_share_accounting" to "test_snapshots/prop_exact_share_accounting.144.json".
Writing test snapshot file for test "prop_exact_share_accounting" to "test_snapshots/prop_exact_share_accounting.145.json".
Writing test snapshot file for test "prop_exact_share_accounting" to "test_snapshots/prop_exact_share_accounting.146.json".
Writing test snapshot file for test "prop_exact_share_accounting" to "test_snapshots/prop_exact_share_accounting.147.json".
Writing test snapshot file for test "prop_exact_share_accounting" to "test_snapshots/prop_exact_share_accounting.148.json".
Writing test snapshot file for test "prop_exact_share_accounting" to "test_snapshots/prop_exact_share_accounting.149.json".
Writing test snapshot file for test "prop_exact_share_accounting" to "test_snapshots/prop_exact_share_accounting.150.json".
Writing test snapshot file for test "prop_exact_share_accounting" to "test_snapshots/prop_exact_share_accounting.151.json".
Writing test snapshot file for test "prop_exact_share_accounting" to "test_snapshots/prop_exact_share_accounting.152.json".
Writing test snapshot file for test "prop_exact_share_accounting" to "test_snapshots/prop_exact_share_accounting.153.json".
Writing test snapshot file for test "prop_exact_share_accounting" to "test_snapshots/prop_exact_share_accounting.154.json".
Writing test snapshot file for test "prop_exact_share_accounting" to "test_snapshots/prop_exact_share_accounting.155.json".
Writing test snapshot file for test "prop_exact_share_accounting" to "test_snapshots/prop_exact_share_accounting.156.json".
Writing test snapshot file for test "prop_exact_share_accounting" to "test_snapshots/prop_exact_share_accounting.157.json".
Writing test snapshot file for test "prop_exact_share_accounting" to "test_snapshots/prop_exact_share_accounting.158.json".
Writing test snapshot file for test "prop_exact_share_accounting" to "test_snapshots/prop_exact_share_accounting.159.json".
Writing test snapshot file for test "prop_exact_share_accounting" to "test_snapshots/prop_exact_share_accounting.160.json".
Writing test snapshot file for test "prop_exact_share_accounting" to "test_snapshots/prop_exact_share_accounting.161.json".
Writing test snapshot file for test "prop_exact_share_accounting" to "test_snapshots/prop_exact_share_accounting.162.json".
Writing test snapshot file for test "prop_exact_share_accounting" to "test_snapshots/prop_exact_share_accounting.163.json".
Writing test snapshot file for test "prop_exact_share_accounting" to "test_snapshots/prop_exact_share_accounting.164.json".
Writing test snapshot file for test "prop_exact_share_accounting" to "test_snapshots/prop_exact_share_accounting.165.json".
Writing test snapshot file for test "prop_exact_share_accounting" to "test_snapshots/prop_exact_share_accounting.166.json".
Writing test snapshot file for test "prop_exact_share_accounting" to "test_snapshots/prop_exact_share_accounting.167.json".
Writing test snapshot file for test "prop_exact_share_accounting" to "test_snapshots/prop_exact_share_accounting.168.json".
Writing test snapshot file for test "prop_exact_share_accounting" to "test_snapshots/prop_exact_share_accounting.169.json".
Writing test snapshot file for test "prop_exact_share_accounting" to "test_snapshots/prop_exact_share_accounting.170.json".
Writing test snapshot file for test "prop_exact_share_accounting" to "test_snapshots/prop_exact_share_accounting.171.json".
Writing test snapshot file for test "prop_exact_share_accounting" to "test_snapshots/prop_exact_share_accounting.172.json".
Writing test snapshot file for test "prop_exact_share_accounting" to "test_snapshots/prop_exact_share_accounting.173.json".
Writing test snapshot file for test "prop_exact_share_accounting" to "test_snapshots/prop_exact_share_accounting.174.json".
Writing test snapshot file for test "prop_exact_share_accounting" to "test_snapshots/prop_exact_share_accounting.175.json".
Writing test snapshot file for test "prop_exact_share_accounting" to "test_snapshots/prop_exact_share_accounting.176.json".
Writing test snapshot file for test "prop_exact_share_accounting" to "test_snapshots/prop_exact_share_accounting.177.json".
Writing test snapshot file for test "prop_exact_share_accounting" to "test_snapshots/prop_exact_share_accounting.178.json".
Writing test snapshot file for test "prop_exact_share_accounting" to "test_snapshots/prop_exact_share_accounting.179.json".
Writing test snapshot file for test "prop_exact_share_accounting" to "test_snapshots/prop_exact_share_accounting.180.json".
Writing test snapshot file for test "prop_exact_share_accounting" to "test_snapshots/prop_exact_share_accounting.181.json".
Writing test snapshot file for test "prop_exact_share_accounting" to "test_snapshots/prop_exact_share_accounting.182.json".
Writing test snapshot file for test "prop_exact_share_accounting" to "test_snapshots/prop_exact_share_accounting.183.json".
Writing test snapshot file for test "prop_exact_share_accounting" to "test_snapshots/prop_exact_share_accounting.184.json".
Writing test snapshot file for test "prop_exact_share_accounting" to "test_snapshots/prop_exact_share_accounting.185.json".
Writing test snapshot file for test "prop_exact_share_accounting" to "test_snapshots/prop_exact_share_accounting.186.json".
Writing test snapshot file for test "prop_exact_share_accounting" to "test_snapshots/prop_exact_share_accounting.187.json".
Writing test snapshot file for test "prop_exact_share_accounting" to "test_snapshots/prop_exact_share_accounting.188.json".
Writing test snapshot file for test "prop_exact_share_accounting" to "test_snapshots/prop_exact_share_accounting.189.json".
Writing test snapshot file for test "prop_exact_share_accounting" to "test_snapshots/prop_exact_share_accounting.190.json".
Writing test snapshot file for test "prop_exact_share_accounting" to "test_snapshots/prop_exact_share_accounting.191.json".
Writing test snapshot file for test "prop_exact_share_accounting" to "test_snapshots/prop_exact_share_accounting.192.json".
Writing test snapshot file for test "prop_exact_share_accounting" to "test_snapshots/prop_exact_share_accounting.193.json".
Writing test snapshot file for test "prop_exact_share_accounting" to "test_snapshots/prop_exact_share_accounting.194.json".
Writing test snapshot file for test "prop_exact_share_accounting" to "test_snapshots/prop_exact_share_accounting.195.json".
Writing test snapshot file for test "prop_exact_share_accounting" to "test_snapshots/prop_exact_share_accounting.196.json".
Writing test snapshot file for test "prop_exact_share_accounting" to "test_snapshots/prop_exact_share_accounting.197.json".
Writing test snapshot file for test "prop_exact_share_accounting" to "test_snapshots/prop_exact_share_accounting.198.json".
Writing test snapshot file for test "prop_exact_share_accounting" to "test_snapshots/prop_exact_share_accounting.199.json".
Writing test snapshot file for test "prop_exact_share_accounting" to "test_snapshots/prop_exact_share_accounting.200.json".
Writing test snapshot file for test "prop_exact_share_accounting" to "test_snapshots/prop_exact_share_accounting.201.json".
Writing test snapshot file for test "prop_exact_share_accounting" to "test_snapshots/prop_exact_share_accounting.202.json".
Writing test snapshot file for test "prop_exact_share_accounting" to "test_snapshots/prop_exact_share_accounting.203.json".
Writing test snapshot file for test "prop_exact_share_accounting" to "test_snapshots/prop_exact_share_accounting.204.json".
Writing test snapshot file for test "prop_exact_share_accounting" to "test_snapshots/prop_exact_share_accounting.205.json".
Writing test snapshot file for test "prop_exact_share_accounting" to "test_snapshots/prop_exact_share_accounting.206.json".
Writing test snapshot file for test "prop_exact_share_accounting" to "test_snapshots/prop_exact_share_accounting.207.json".
Writing test snapshot file for test "prop_exact_share_accounting" to "test_snapshots/prop_exact_share_accounting.208.json".
Writing test snapshot file for test "prop_exact_share_accounting" to "test_snapshots/prop_exact_share_accounting.209.json".
Writing test snapshot file for test "prop_exact_share_accounting" to "test_snapshots/prop_exact_share_accounting.210.json".
Writing test snapshot file for test "prop_exact_share_accounting" to "test_snapshots/prop_exact_share_accounting.211.json".
Writing test snapshot file for test "prop_exact_share_accounting" to "test_snapshots/prop_exact_share_accounting.212.json".
Writing test snapshot file for test "prop_exact_share_accounting" to "test_snapshots/prop_exact_share_accounting.213.json".
Writing test snapshot file for test "prop_exact_share_accounting" to "test_snapshots/prop_exact_share_accounting.214.json".
Writing test snapshot file for test "prop_exact_share_accounting" to "test_snapshots/prop_exact_share_accounting.215.json".
Writing test snapshot file for test "prop_exact_share_accounting" to "test_snapshots/prop_exact_share_accounting.216.json".
Writing test snapshot file for test "prop_exact_share_accounting" to "test_snapshots/prop_exact_share_accounting.217.json".
Writing test snapshot file for test "prop_exact_share_accounting" to "test_snapshots/prop_exact_share_accounting.218.json".
Writing test snapshot file for test "prop_exact_share_accounting" to "test_snapshots/prop_exact_share_accounting.219.json".
Writing test snapshot file for test "prop_exact_share_accounting" to "test_snapshots/prop_exact_share_accounting.220.json".
Writing test snapshot file for test "prop_exact_share_accounting" to "test_snapshots/prop_exact_share_accounting.221.json".
Writing test snapshot file for test "prop_exact_share_accounting" to "test_snapshots/prop_exact_share_accounting.222.json".
Writing test snapshot file for test "prop_exact_share_accounting" to "test_snapshots/prop_exact_share_accounting.223.json".
Writing test snapshot file for test "prop_exact_share_accounting" to "test_snapshots/prop_exact_share_accounting.224.json".
Writing test snapshot file for test "prop_exact_share_accounting" to "test_snapshots/prop_exact_share_accounting.225.json".
Writing test snapshot file for test "prop_exact_share_accounting" to "test_snapshots/prop_exact_share_accounting.226.json".
Writing test snapshot file for test "prop_exact_share_accounting" to "test_snapshots/prop_exact_share_accounting.227.json".
Writing test snapshot file for test "prop_exact_share_accounting" to "test_snapshots/prop_exact_share_accounting.228.json".
Writing test snapshot file for test "prop_exact_share_accounting" to "test_snapshots/prop_exact_share_accounting.229.json".
Writing test snapshot file for test "prop_exact_share_accounting" to "test_snapshots/prop_exact_share_accounting.230.json".
Writing test snapshot file for test "prop_exact_share_accounting" to "test_snapshots/prop_exact_share_accounting.231.json".
Writing test snapshot file for test "prop_exact_share_accounting" to "test_snapshots/prop_exact_share_accounting.232.json".
Writing test snapshot file for test "prop_exact_share_accounting" to "test_snapshots/prop_exact_share_accounting.233.json".
Writing test snapshot file for test "prop_exact_share_accounting" to "test_snapshots/prop_exact_share_accounting.234.json".
Writing test snapshot file for test "prop_exact_share_accounting" to "test_snapshots/prop_exact_share_accounting.235.json".
Writing test snapshot file for test "prop_exact_share_accounting" to "test_snapshots/prop_exact_share_accounting.236.json".
Writing test snapshot file for test "prop_exact_share_accounting" to "test_snapshots/prop_exact_share_accounting.237.json".
Writing test snapshot file for test "prop_exact_share_accounting" to "test_snapshots/prop_exact_share_accounting.238.json".
Writing test snapshot file for test "prop_exact_share_accounting" to "test_snapshots/prop_exact_share_accounting.239.json".
Writing test snapshot file for test "prop_exact_share_accounting" to "test_snapshots/prop_exact_share_accounting.240.json".
Writing test snapshot file for test "prop_exact_share_accounting" to "test_snapshots/prop_exact_share_accounting.241.json".
Writing test snapshot file for test "prop_exact_share_accounting" to "test_snapshots/prop_exact_share_accounting.242.json".
Writing test snapshot file for test "prop_exact_share_accounting" to "test_snapshots/prop_exact_share_accounting.243.json".
Writing test snapshot file for test "prop_exact_share_accounting" to "test_snapshots/prop_exact_share_accounting.244.json".
Writing test snapshot file for test "prop_exact_share_accounting" to "test_snapshots/prop_exact_share_accounting.245.json".
Writing test snapshot file for test "prop_exact_share_accounting" to "test_snapshots/prop_exact_share_accounting.246.json".
Writing test snapshot file for test "prop_exact_share_accounting" to "test_snapshots/prop_exact_share_accounting.247.json".
Writing test snapshot file for test "prop_exact_share_accounting" to "test_snapshots/prop_exact_share_accounting.248.json".
Writing test snapshot file for test "prop_exact_share_accounting" to "test_snapshots/prop_exact_share_accounting.249.json".
Writing test snapshot file for test "prop_exact_share_accounting" to "test_snapshots/prop_exact_share_accounting.250.json".
Writing test snapshot file for test "prop_exact_share_accounting" to "test_snapshots/prop_exact_share_accounting.251.json".
Writing test snapshot file for test "prop_exact_share_accounting" to "test_snapshots/prop_exact_share_accounting.252.json".
Writing test snapshot file for test "prop_exact_share_accounting" to "test_snapshots/prop_exact_share_accounting.253.json".
Writing test snapshot file for test "prop_exact_share_accounting" to "test_snapshots/prop_exact_share_accounting.254.json".
Writing test snapshot file for test "prop_exact_share_accounting" to "test_snapshots/prop_exact_share_accounting.255.json".
Writing test snapshot file for test "prop_exact_share_accounting" to "test_snapshots/prop_exact_share_accounting.256.json".
Writing test snapshot file for test "prop_exact_share_accounting" to "test_snapshots/prop_exact_share_accounting.257.json".
Writing test snapshot file for test "prop_exact_share_accounting" to "test_snapshots/prop_exact_share_accounting.258.json".
Writing test snapshot file for test "prop_exact_share_accounting" to "test_snapshots/prop_exact_share_accounting.259.json".
Writing test snapshot file for test "prop_exact_share_accounting" to "test_snapshots/prop_exact_share_accounting.260.json".
Writing test snapshot file for test "prop_exact_share_accounting" to "test_snapshots/prop_exact_share_accounting.261.json".
Writing test snapshot file for test "prop_exact_share_accounting" to "test_snapshots/prop_exact_share_accounting.262.json".
Writing test snapshot file for test "prop_exact_share_accounting" to "test_snapshots/prop_exact_share_accounting.263.json".
Writing test snapshot file for test "prop_exact_share_accounting" to "test_snapshots/prop_exact_share_accounting.264.json".
Writing test snapshot file for test "prop_exact_share_accounting" to "test_snapshots/prop_exact_share_accounting.265.json".
Writing test snapshot file for test "prop_exact_share_accounting" to "test_snapshots/prop_exact_share_accounting.266.json".
Writing test snapshot file for test "prop_exact_share_accounting" to "test_snapshots/prop_exact_share_accounting.267.json".
Writing test snapshot file for test "prop_exact_share_accounting" to "test_snapshots/prop_exact_share_accounting.268.json".
Writing test snapshot file for test "prop_exact_share_accounting" to "test_snapshots/prop_exact_share_accounting.269.json".
Writing test snapshot file for test "prop_exact_share_accounting" to "test_snapshots/prop_exact_share_accounting.270.json".
Writing test snapshot file for test "prop_exact_share_accounting" to "test_snapshots/prop_exact_share_accounting.271.json".
Writing test snapshot file for test "prop_exact_share_accounting" to "test_snapshots/prop_exact_share_accounting.272.json".
Writing test snapshot file for test "prop_exact_share_accounting" to "test_snapshots/prop_exact_share_accounting.273.json".
Writing test snapshot file for test "prop_exact_share_accounting" to "test_snapshots/prop_exact_share_accounting.274.json".
Writing test snapshot file for test "prop_exact_share_accounting" to "test_snapshots/prop_exact_share_accounting.275.json".
Writing test snapshot file for test "prop_exact_share_accounting" to "test_snapshots/prop_exact_share_accounting.276.json".
Writing test snapshot file for test "prop_exact_share_accounting" to "test_snapshots/prop_exact_share_accounting.277.json".
Writing test snapshot file for test "prop_exact_share_accounting" to "test_snapshots/prop_exact_share_accounting.278.json".
Writing test snapshot file for test "prop_exact_share_accounting" to "test_snapshots/prop_exact_share_accounting.279.json".
Writing test snapshot file for test "prop_exact_share_accounting" to "test_snapshots/prop_exact_share_accounting.280.json".
Writing test snapshot file for test "prop_exact_share_accounting" to "test_snapshots/prop_exact_share_accounting.281.json".
Writing test snapshot file for test "prop_exact_share_accounting" to "test_snapshots/prop_exact_share_accounting.282.json".
Writing test snapshot file for test "prop_exact_share_accounting" to "test_snapshots/prop_exact_share_accounting.283.json".
Writing test snapshot file for test "prop_exact_share_accounting" to "test_snapshots/prop_exact_share_accounting.284.json".
Writing test snapshot file for test "prop_exact_share_accounting" to "test_snapshots/prop_exact_share_accounting.285.json".
Writing test snapshot file for test "prop_exact_share_accounting" to "test_snapshots/prop_exact_share_accounting.286.json".
Writing test snapshot file for test "prop_exact_share_accounting" to "test_snapshots/prop_exact_share_accounting.287.json".
Writing test snapshot file for test "prop_exact_share_accounting" to "test_snapshots/prop_exact_share_accounting.288.json".
Writing test snapshot file for test "prop_exact_share_accounting" to "test_snapshots/prop_exact_share_accounting.289.json".
Writing test snapshot file for test "prop_exact_share_accounting" to "test_snapshots/prop_exact_share_accounting.290.json".
Writing test snapshot file for test "prop_exact_share_accounting" to "test_snapshots/prop_exact_share_accounting.291.json".
Writing test snapshot file for test "prop_exact_share_accounting" to "test_snapshots/prop_exact_share_accounting.292.json".
Writing test snapshot file for test "prop_exact_share_accounting" to "test_snapshots/prop_exact_share_accounting.293.json".
Writing test snapshot file for test "prop_exact_share_accounting" to "test_snapshots/prop_exact_share_accounting.294.json".
Writing test snapshot file for test "prop_exact_share_accounting" to "test_snapshots/prop_exact_share_accounting.295.json".
Writing test snapshot file for test "prop_exact_share_accounting" to "test_snapshots/prop_exact_share_accounting.296.json".
Writing test snapshot file for test "prop_exact_share_accounting" to "test_snapshots/prop_exact_share_accounting.297.json".
Writing test snapshot file for test "prop_exact_share_accounting" to "test_snapshots/prop_exact_share_accounting.298.json".
Writing test snapshot file for test "prop_exact_share_accounting" to "test_snapshots/prop_exact_share_accounting.299.json".
Writing test snapshot file for test "prop_exact_share_accounting" to "test_snapshots/prop_exact_share_accounting.300.json".
Writing test snapshot file for test "prop_exact_share_accounting" to "test_snapshots/prop_exact_share_accounting.301.json".
Writing test snapshot file for test "prop_exact_share_accounting" to "test_snapshots/prop_exact_share_accounting.302.json".
Writing test snapshot file for test "prop_exact_share_accounting" to "test_snapshots/prop_exact_share_accounting.303.json".
Writing test snapshot file for test "prop_exact_share_accounting" to "test_snapshots/prop_exact_share_accounting.304.json".
Writing test snapshot file for test "prop_exact_share_accounting" to "test_snapshots/prop_exact_share_accounting.305.json".
Writing test snapshot file for test "prop_exact_share_accounting" to "test_snapshots/prop_exact_share_accounting.306.json".
Writing test snapshot file for test "prop_exact_share_accounting" to "test_snapshots/prop_exact_share_accounting.307.json".
Writing test snapshot file for test "prop_exact_share_accounting" to "test_snapshots/prop_exact_share_accounting.308.json".
Writing test snapshot file for test "prop_exact_share_accounting" to "test_snapshots/prop_exact_share_accounting.309.json".
Writing test snapshot file for test "prop_exact_share_accounting" to "test_snapshots/prop_exact_share_accounting.310.json".
Writing test snapshot file for test "prop_exact_share_accounting" to "test_snapshots/prop_exact_share_accounting.311.json".
Writing test snapshot file for test "prop_exact_share_accounting" to "test_snapshots/prop_exact_share_accounting.312.json".
Writing test snapshot file for test "prop_exact_share_accounting" to "test_snapshots/prop_exact_share_accounting.313.json".
Writing test snapshot file for test "prop_exact_share_accounting" to "test_snapshots/prop_exact_share_accounting.314.json".
Writing test snapshot file for test "prop_exact_share_accounting" to "test_snapshots/prop_exact_share_accounting.315.json".
Writing test snapshot file for test "prop_exact_share_accounting" to "test_snapshots/prop_exact_share_accounting.316.json".
Writing test snapshot file for test "prop_exact_share_accounting" to "test_snapshots/prop_exact_share_accounting.317.json".
Writing test snapshot file for test "prop_exact_share_accounting" to "test_snapshots/prop_exact_share_accounting.318.json".
Writing test snapshot file for test "prop_exact_share_accounting" to "test_snapshots/prop_exact_share_accounting.319.json".
Writing test snapshot file for test "prop_exact_share_accounting" to "test_snapshots/prop_exact_share_accounting.320.json".
Writing test snapshot file for test "prop_exact_share_accounting" to "test_snapshots/prop_exact_share_accounting.321.json".
Writing test snapshot file for test "prop_exact_share_accounting" to "test_snapshots/prop_exact_share_accounting.322.json".
Writing test snapshot file for test "prop_exact_share_accounting" to "test_snapshots/prop_exact_share_accounting.323.json".
Writing test snapshot file for test "prop_exact_share_accounting" to "test_snapshots/prop_exact_share_accounting.324.json".
Writing test snapshot file for test "prop_exact_share_accounting" to "test_snapshots/prop_exact_share_accounting.325.json".
Writing test snapshot file for test "prop_exact_share_accounting" to "test_snapshots/prop_exact_share_accounting.326.json".
Writing test snapshot file for test "prop_exact_share_accounting" to "test_snapshots/prop_exact_share_accounting.327.json".
Writing test snapshot file for test "prop_exact_share_accounting" to "test_snapshots/prop_exact_share_accounting.328.json".
Writing test snapshot file for test "prop_exact_share_accounting" to "test_snapshots/prop_exact_share_accounting.329.json".
Writing test snapshot file for test "prop_exact_share_accounting" to "test_snapshots/prop_exact_share_accounting.330.json".
Writing test snapshot file for test "prop_exact_share_accounting" to "test_snapshots/prop_exact_share_accounting.331.json".
Writing test snapshot file for test "prop_exact_share_accounting" to "test_snapshots/prop_exact_share_accounting.332.json".
Writing test snapshot file for test "prop_exact_share_accounting" to "test_snapshots/prop_exact_share_accounting.333.json".
Writing test snapshot file for test "prop_exact_share_accounting" to "test_snapshots/prop_exact_share_accounting.334.json".
Writing test snapshot file for test "prop_exact_share_accounting" to "test_snapshots/prop_exact_share_accounting.335.json".
Writing test snapshot file for test "prop_exact_share_accounting" to "test_snapshots/prop_exact_share_accounting.336.json".
Writing test snapshot file for test "prop_exact_share_accounting" to "test_snapshots/prop_exact_share_accounting.337.json".
Writing test snapshot file for test "prop_exact_share_accounting" to "test_snapshots/prop_exact_share_accounting.338.json".
Writing test snapshot file for test "prop_exact_share_accounting" to "test_snapshots/prop_exact_share_accounting.339.json".
Writing test snapshot file for test "prop_exact_share_accounting" to "test_snapshots/prop_exact_share_accounting.340.json".
Writing test snapshot file for test "prop_exact_share_accounting" to "test_snapshots/prop_exact_share_accounting.341.json".
Writing test snapshot file for test "prop_exact_share_accounting" to "test_snapshots/prop_exact_share_accounting.342.json".
Writing test snapshot file for test "prop_exact_share_accounting" to "test_snapshots/prop_exact_share_accounting.343.json".
Writing test snapshot file for test "prop_exact_share_accounting" to "test_snapshots/prop_exact_share_accounting.344.json".
Writing test snapshot file for test "prop_exact_share_accounting" to "test_snapshots/prop_exact_share_accounting.345.json".
Writing test snapshot file for test "prop_exact_share_accounting" to "test_snapshots/prop_exact_share_accounting.346.json".
Writing test snapshot file for test "prop_exact_share_accounting" to "test_snapshots/prop_exact_share_accounting.347.json".
Writing test snapshot file for test "prop_exact_share_accounting" to "test_snapshots/prop_exact_share_accounting.348.json".
Writing test snapshot file for test "prop_exact_share_accounting" to "test_snapshots/prop_exact_share_accounting.349.json".
Writing test snapshot file for test "prop_exact_share_accounting" to "test_snapshots/prop_exact_share_accounting.350.json".
Writing test snapshot file for test "prop_exact_share_accounting" to "test_snapshots/prop_exact_share_accounting.351.json".
Writing test snapshot file for test "prop_exact_share_accounting" to "test_snapshots/prop_exact_share_accounting.352.json".
Writing test snapshot file for test "prop_exact_share_accounting" to "test_snapshots/prop_exact_share_accounting.353.json".
Writing test snapshot file for test "prop_exact_share_accounting" to "test_snapshots/prop_exact_share_accounting.354.json".
Writing test snapshot file for test "prop_exact_share_accounting" to "test_snapshots/prop_exact_share_accounting.355.json".
Writing test snapshot file for test "prop_exact_share_accounting" to "test_snapshots/prop_exact_share_accounting.356.json".
Writing test snapshot file for test "prop_exact_share_accounting" to "test_snapshots/prop_exact_share_accounting.357.json".
Writing test snapshot file for test "prop_exact_share_accounting" to "test_snapshots/prop_exact_share_accounting.358.json".
Writing test snapshot file for test "prop_exact_share_accounting" to "test_snapshots/prop_exact_share_accounting.359.json".
Writing test snapshot file for test "prop_exact_share_accounting" to "test_snapshots/prop_exact_share_accounting.360.json".
Writing test snapshot file for test "prop_exact_share_accounting" to "test_snapshots/prop_exact_share_accounting.361.json".
Writing test snapshot file for test "prop_exact_share_accounting" to "test_snapshots/prop_exact_share_accounting.362.json".
Writing test snapshot file for test "prop_exact_share_accounting" to "test_snapshots/prop_exact_share_accounting.363.json".
Writing test snapshot file for test "prop_exact_share_accounting" to "test_snapshots/prop_exact_share_accounting.364.json".
Writing test snapshot file for test "prop_exact_share_accounting" to "test_snapshots/prop_exact_share_accounting.365.json".
Writing test snapshot file for test "prop_exact_share_accounting" to "test_snapshots/prop_exact_share_accounting.366.json".
Writing test snapshot file for test "prop_exact_share_accounting" to "test_snapshots/prop_exact_share_accounting.367.json".
Writing test snapshot file for test "prop_exact_share_accounting" to "test_snapshots/prop_exact_share_accounting.368.json".
Writing test snapshot file for test "prop_exact_share_accounting" to "test_snapshots/prop_exact_share_accounting.369.json".
Writing test snapshot file for test "prop_exact_share_accounting" to "test_snapshots/prop_exact_share_accounting.370.json".
Writing test snapshot file for test "prop_exact_share_accounting" to "test_snapshots/prop_exact_share_accounting.371.json".
Writing test snapshot file for test "prop_exact_share_accounting" to "test_snapshots/prop_exact_share_accounting.372.json".
Writing test snapshot file for test "prop_exact_share_accounting" to "test_snapshots/prop_exact_share_accounting.373.json".

thread 'prop_exact_share_accounting' (3073051) panicked at 04-prototype-development/contracts/soroban-vault/tests/proptest_ai.rs:885:1:
Test failed: deposit(1) minted 2 shares but the harness predicted 0 <= 0, which must abort with ZeroShares (A0 = 2, T0 = 1) at 04-prototype-development/contracts/soroban-vault/tests/proptest_ai.rs:940.
minimal failing input: seeder = 0, depositor = 0, d1 = 1, d2 = 1, donation = 1, w = 1
	successes: 0
	local rejects: 0
	global rejects: 0



failures:
    prop_exact_share_accounting
    prop_sequence_state_invariants

test result: FAILED. 9 passed; 2 failed; 0 ignored; 0 measured; 0 filtered out; finished in 106.38s

error: test failed, to rerun pass `-p soroban-vault --test proptest_ai`

*** result: Failure(101)
