
*** 04-prototype-development/contracts/soroban-vault/src/lib.rs:221:9: replace Vault::pause with ()

*** mutation diff:
--- 04-prototype-development/contracts/soroban-vault/src/lib.rs
+++ replace Vault::pause with ()
@@ -213,19 +213,17 @@
     pub fn set_admin(env: Env, new_admin: Address) {
         Self::require_admin(&env);
         env.storage().instance().set(&DataKey::Admin, &new_admin);
         Self::bump_instance(&env);
     }
 
     /// Halt all state-mutating entry points (I12). Only the admin may do this (I4).
     pub fn pause(env: Env) {
-        Self::require_admin(&env);
-        env.storage().instance().set(&DataKey::Paused, &true);
-        Self::bump_instance(&env);
+        () /* ~ changed by cargo-mutants ~ */
     }
 
     // ── Views ────────────────────────────────────────────────────────────────
 
     pub fn total_shares(env: Env) -> i128 {
         Self::total_shares_internal(&env)
     }
 


*** /Users/igorfambonatti/.rustup/toolchains/stable-aarch64-apple-darwin/bin/cargo test --no-run --verbose --package=soroban-vault@0.1.0
       Fresh unicode-ident v1.0.24
       Fresh version_check v0.9.5
       Fresh cfg-if v1.0.4
       Fresh typenum v1.20.1
       Fresh proc-macro2 v1.0.106
       Fresh itoa v1.0.18
       Fresh memchr v2.8.2
       Fresh autocfg v1.5.1
       Fresh subtle v2.6.1
       Fresh quote v1.0.45
       Fresh serde_core v1.0.228
       Fresh const-oid v0.9.6
       Fresh strsim v0.11.1
       Fresh ident_case v1.0.1
       Fresh syn v2.0.117
       Fresh zmij v1.0.21
       Fresh getrandom v0.2.17
       Fresh semver v1.0.28
       Fresh dyn-clone v1.0.20
       Fresh data-encoding v2.11.0
       Fresh serde_derive v1.0.228
       Fresh zeroize_derive v1.5.0
       Fresh serde_json v1.0.150
       Fresh rand_core v0.6.4
       Fresh zerocopy v0.8.52
       Fresh darling_core v0.23.0
       Fresh serde v1.0.228
       Fresh zeroize v1.9.0
       Fresh darling_macro v0.23.0
       Fresh ppv-lite86 v0.2.21
       Fresh num-traits v0.2.19
       Fresh libc v0.2.186
       Fresh once_cell v1.21.4
       Fresh cfg_eval v0.1.2
       Fresh ethnum v1.5.3
       Fresh generic-array v0.14.9
       Fresh crate-git-revision v0.0.6
       Fresh darling v0.23.0
       Fresh schemars v0.8.22
       Fresh hex v0.4.3
       Fresh paste v1.0.15
       Fresh cpufeatures v0.2.17
       Fresh rand_chacha v0.3.1
       Fresh escape-bytes v0.1.1
       Fresh crypto-common v0.1.6
       Fresh block-buffer v0.10.4
       Fresh serde_with_macros v3.21.0
       Fresh rand v0.8.6
       Fresh num-integer v0.1.46
       Fresh enum-ordinalize-derive v4.3.2
       Fresh der v0.7.10
       Fresh ff v0.13.1
       Fresh digest v0.10.7
       Fresh ark-std v0.5.0
       Fresh enum-ordinalize v4.3.2
       Fresh num-bigint v0.4.6
       Fresh ark-serialize-derive v0.5.0
       Fresh rustc_version v0.4.1
       Fresh arrayvec v0.7.6
       Fresh stellar-strkey v0.0.13
       Fresh equivalent v1.0.2
       Fresh hashbrown v0.17.1
       Fresh either v1.16.0
       Fresh base16ct v0.2.0
       Fresh signature v2.2.0
       Fresh educe v0.6.0
       Fresh ark-serialize v0.5.0
       Fresh sha2 v0.10.9
       Fresh group v0.13.0
       Fresh sec1 v0.7.3
       Fresh itertools v0.13.0
       Fresh indexmap v2.14.0
       Fresh ark-ff-macros v0.5.0
       Fresh crypto-bigint v0.5.5
       Fresh ark-ff-asm v0.5.0
       Fresh fnv v1.0.7
       Fresh allocator-api2 v0.2.21
       Fresh base64 v0.22.1
       Fresh wasmparser v0.116.1
       Fresh elliptic-curve v0.13.8
       Fresh ark-ff v0.5.0
       Fresh hashbrown v0.15.5
       Fresh ahash v0.8.12
       Fresh hmac v0.12.1
       Fresh derive_arbitrary v1.3.2
       Fresh soroban-env-macros v26.1.3
       Fresh arbitrary v1.3.2
       Fresh ark-poly v0.5.0
       Fresh rfc6979 v0.4.0
       Fresh libm v0.2.16
       Fresh num-derive v0.4.2
       Fresh thiserror-impl v1.0.69
       Fresh static_assertions v1.1.0
       Fresh indexmap-nostd v0.4.0
       Fresh downcast-rs v1.2.1
       Fresh getrandom v0.3.4
       Fresh ecdsa v0.16.9
       Fresh thiserror v1.0.69
       Fresh wasmparser-nostd v0.100.2
       Fresh ark-ec v0.5.0
       Fresh wasmi_core v0.13.0
       Fresh serde_with v3.21.0
       Fresh wasmi_arena v0.4.1
       Fresh spin v0.9.8
       Fresh smallvec v1.15.2
       Fresh rand_core v0.9.5
       Fresh curve25519-dalek v4.1.3
       Fresh stellar-xdr v26.0.1
       Fresh primeorder v0.13.6
       Fresh darling_core v0.20.11
       Fresh ed25519 v2.2.3
       Fresh soroban-wasmi v0.31.1-soroban.20.0.1
       Fresh keccak v0.1.6
       Fresh errno v0.3.14
       Fresh bitflags v2.13.1
       Fresh byteorder v1.5.0
       Fresh p256 v0.13.2
       Fresh sha3 v0.10.9
       Fresh hash32 v0.3.1
       Fresh rustix v1.1.4
       Fresh getrandom v0.4.3
       Fresh prettyplease v0.2.37
       Fresh ed25519-dalek v2.2.0
       Fresh darling_macro v0.20.11
       Fresh ark-bls12-381 v0.5.0
       Fresh soroban-spec v26.1.0
       Fresh ark-bn254 v0.5.0
       Fresh k256 v0.13.4
       Fresh soroban-builtin-sdk-macros v26.1.3
       Fresh stable_deref_trait v1.2.1
       Fresh dtor-proc-macro v0.0.6
       Fresh fastrand v2.5.0
       Fresh hex-literal v0.4.1
       Fresh darling v0.20.11
       Fresh soroban-spec-rust v26.1.0
       Fresh soroban-env-common v26.1.3
       Fresh heapless v0.8.0
       Fresh tempfile v3.27.0
       Fresh soroban-env-host v26.1.3
       Fresh dtor v0.1.1
       Fresh macro-string v0.1.4
       Fresh wait-timeout v0.2.1
       Fresh quick-error v1.2.3
       Fresh heck v0.5.0
       Fresh ctor-proc-macro v0.0.6
       Fresh bit-vec v0.8.0
       Fresh soroban-sdk-macros v26.1.0
       Fresh ctor v0.5.0
       Fresh soroban-ledger-snapshot v26.1.0
       Fresh stellar-strkey v0.0.16
       Fresh bit-set v0.8.0
       Fresh rusty-fork v0.3.1
       Fresh rand v0.9.5
       Fresh rand_chacha v0.9.0
       Fresh rand_xorshift v0.4.0
       Fresh bytes-lit v0.0.5
       Fresh visibility v0.1.1
       Fresh unarray v0.1.4
       Fresh regex-syntax v0.8.11
       Fresh soroban-sdk v26.1.0
       Fresh proptest v1.11.0
       Dirty soroban-vault v0.1.0 (/private/var/folders/bw/48pkqypd3pd7_c8l3ckzlmdw0000gp/T/cargo-mutants-stellar-studies-NqzUXr.tmp/04-prototype-development/contracts/soroban-vault): the file `04-prototype-development/contracts/soroban-vault/src/lib.rs` has changed (1789676349.352170352s, 1m 5s after last build at 1789676284.745934700s)
   Compiling soroban-vault v0.1.0 (/private/var/folders/bw/48pkqypd3pd7_c8l3ckzlmdw0000gp/T/cargo-mutants-stellar-studies-NqzUXr.tmp/04-prototype-development/contracts/soroban-vault)
       Fresh proptest-arbitrary-interop v0.1.0
     Running `/Users/igorfambonatti/.rustup/toolchains/stable-aarch64-apple-darwin/bin/rustc --crate-name soroban_vault --edition=2021 04-prototype-development/contracts/soroban-vault/src/lib.rs --error-format=json --json=diagnostic-rendered-ansi,artifacts,future-incompat --emit=dep-info,link -C embed-bitcode=no -C debuginfo=2 -C split-debuginfo=unpacked --test --check-cfg 'cfg(docsrs,test)' --check-cfg 'cfg(feature, values("bug_missing_auth", "bug_no_ttl", "bug_overflow", "bug_reinit", "bug_self_transfer", "bug_temp_nonce", "bug_zero_amount"))' -C metadata=1d80e85bbbdf9027 -C extra-filename=-bce8593a16df1a94 --out-dir /private/var/folders/bw/48pkqypd3pd7_c8l3ckzlmdw0000gp/T/cargo-mutants-stellar-studies-NqzUXr.tmp/target/debug/deps -C incremental=/private/var/folders/bw/48pkqypd3pd7_c8l3ckzlmdw0000gp/T/cargo-mutants-stellar-studies-NqzUXr.tmp/target/debug/incremental -L dependency=/private/var/folders/bw/48pkqypd3pd7_c8l3ckzlmdw0000gp/T/cargo-mutants-stellar-studies-NqzUXr.tmp/target/debug/deps --extern arbitrary=/private/var/folders/bw/48pkqypd3pd7_c8l3ckzlmdw0000gp/T/cargo-mutants-stellar-studies-NqzUXr.tmp/target/debug/deps/libarbitrary-b15fe09805a10503.rlib --extern proptest=/private/var/folders/bw/48pkqypd3pd7_c8l3ckzlmdw0000gp/T/cargo-mutants-stellar-studies-NqzUXr.tmp/target/debug/deps/libproptest-ebc82c2f62035854.rlib --extern proptest_arbitrary_interop=/private/var/folders/bw/48pkqypd3pd7_c8l3ckzlmdw0000gp/T/cargo-mutants-stellar-studies-NqzUXr.tmp/target/debug/deps/libproptest_arbitrary_interop-8fcd0e348bdb6c2d.rlib --extern soroban_sdk=/private/var/folders/bw/48pkqypd3pd7_c8l3ckzlmdw0000gp/T/cargo-mutants-stellar-studies-NqzUXr.tmp/target/debug/deps/libsoroban_sdk-e62747f56c1fb4bb.rlib`
     Running `/Users/igorfambonatti/.rustup/toolchains/stable-aarch64-apple-darwin/bin/rustc --crate-name soroban_vault --edition=2021 04-prototype-development/contracts/soroban-vault/src/lib.rs --error-format=json --json=diagnostic-rendered-ansi,artifacts,future-incompat --crate-type lib --emit=dep-info,metadata,link -C embed-bitcode=no -C debuginfo=2 -C split-debuginfo=unpacked --check-cfg 'cfg(docsrs,test)' --check-cfg 'cfg(feature, values("bug_missing_auth", "bug_no_ttl", "bug_overflow", "bug_reinit", "bug_self_transfer", "bug_temp_nonce", "bug_zero_amount"))' -C metadata=3876bb9ecdd8693e -C extra-filename=-89a10c6dc4b3cd63 --out-dir /private/var/folders/bw/48pkqypd3pd7_c8l3ckzlmdw0000gp/T/cargo-mutants-stellar-studies-NqzUXr.tmp/target/debug/deps -C incremental=/private/var/folders/bw/48pkqypd3pd7_c8l3ckzlmdw0000gp/T/cargo-mutants-stellar-studies-NqzUXr.tmp/target/debug/incremental -L dependency=/private/var/folders/bw/48pkqypd3pd7_c8l3ckzlmdw0000gp/T/cargo-mutants-stellar-studies-NqzUXr.tmp/target/debug/deps --extern soroban_sdk=/private/var/folders/bw/48pkqypd3pd7_c8l3ckzlmdw0000gp/T/cargo-mutants-stellar-studies-NqzUXr.tmp/target/debug/deps/libsoroban_sdk-e62747f56c1fb4bb.rmeta`
warning: unused variable: `env`
   --> 04-prototype-development/contracts/soroban-vault/src/lib.rs:220:18
    |
220 |     pub fn pause(env: Env) {
    |                  ^^^ help: if this is intentional, prefix it with an underscore: `_env`
    |
    = note: `#[warn(unused_variables)]` (part of `#[warn(unused)]`) on by default

warning: `soroban-vault` (lib) generated 1 warning (run `cargo fix --lib -p soroban-vault` to apply 1 suggestion)
     Running `/Users/igorfambonatti/.rustup/toolchains/stable-aarch64-apple-darwin/bin/rustc --crate-name proptest_baseline --edition=2021 04-prototype-development/contracts/soroban-vault/tests/proptest_baseline.rs --error-format=json --json=diagnostic-rendered-ansi,artifacts,future-incompat --emit=dep-info,link -C embed-bitcode=no -C debuginfo=2 -C split-debuginfo=unpacked --test --check-cfg 'cfg(docsrs,test)' --check-cfg 'cfg(feature, values("bug_missing_auth", "bug_no_ttl", "bug_overflow", "bug_reinit", "bug_self_transfer", "bug_temp_nonce", "bug_zero_amount"))' -C metadata=8c7067f738ca187b -C extra-filename=-3e562011cbd3d845 --out-dir /private/var/folders/bw/48pkqypd3pd7_c8l3ckzlmdw0000gp/T/cargo-mutants-stellar-studies-NqzUXr.tmp/target/debug/deps -C incremental=/private/var/folders/bw/48pkqypd3pd7_c8l3ckzlmdw0000gp/T/cargo-mutants-stellar-studies-NqzUXr.tmp/target/debug/incremental -L dependency=/private/var/folders/bw/48pkqypd3pd7_c8l3ckzlmdw0000gp/T/cargo-mutants-stellar-studies-NqzUXr.tmp/target/debug/deps --extern arbitrary=/private/var/folders/bw/48pkqypd3pd7_c8l3ckzlmdw0000gp/T/cargo-mutants-stellar-studies-NqzUXr.tmp/target/debug/deps/libarbitrary-b15fe09805a10503.rlib --extern proptest=/private/var/folders/bw/48pkqypd3pd7_c8l3ckzlmdw0000gp/T/cargo-mutants-stellar-studies-NqzUXr.tmp/target/debug/deps/libproptest-ebc82c2f62035854.rlib --extern proptest_arbitrary_interop=/private/var/folders/bw/48pkqypd3pd7_c8l3ckzlmdw0000gp/T/cargo-mutants-stellar-studies-NqzUXr.tmp/target/debug/deps/libproptest_arbitrary_interop-8fcd0e348bdb6c2d.rlib --extern soroban_sdk=/private/var/folders/bw/48pkqypd3pd7_c8l3ckzlmdw0000gp/T/cargo-mutants-stellar-studies-NqzUXr.tmp/target/debug/deps/libsoroban_sdk-e62747f56c1fb4bb.rlib --extern soroban_vault=/private/var/folders/bw/48pkqypd3pd7_c8l3ckzlmdw0000gp/T/cargo-mutants-stellar-studies-NqzUXr.tmp/target/debug/deps/libsoroban_vault-89a10c6dc4b3cd63.rlib`
     Running `/Users/igorfambonatti/.rustup/toolchains/stable-aarch64-apple-darwin/bin/rustc --crate-name proptest_ai --edition=2021 04-prototype-development/contracts/soroban-vault/tests/proptest_ai.rs --error-format=json --json=diagnostic-rendered-ansi,artifacts,future-incompat --emit=dep-info,link -C embed-bitcode=no -C debuginfo=2 -C split-debuginfo=unpacked --test --check-cfg 'cfg(docsrs,test)' --check-cfg 'cfg(feature, values("bug_missing_auth", "bug_no_ttl", "bug_overflow", "bug_reinit", "bug_self_transfer", "bug_temp_nonce", "bug_zero_amount"))' -C metadata=5763f149b77c10de -C extra-filename=-f790cf1d5da483ca --out-dir /private/var/folders/bw/48pkqypd3pd7_c8l3ckzlmdw0000gp/T/cargo-mutants-stellar-studies-NqzUXr.tmp/target/debug/deps -C incremental=/private/var/folders/bw/48pkqypd3pd7_c8l3ckzlmdw0000gp/T/cargo-mutants-stellar-studies-NqzUXr.tmp/target/debug/incremental -L dependency=/private/var/folders/bw/48pkqypd3pd7_c8l3ckzlmdw0000gp/T/cargo-mutants-stellar-studies-NqzUXr.tmp/target/debug/deps --extern arbitrary=/private/var/folders/bw/48pkqypd3pd7_c8l3ckzlmdw0000gp/T/cargo-mutants-stellar-studies-NqzUXr.tmp/target/debug/deps/libarbitrary-b15fe09805a10503.rlib --extern proptest=/private/var/folders/bw/48pkqypd3pd7_c8l3ckzlmdw0000gp/T/cargo-mutants-stellar-studies-NqzUXr.tmp/target/debug/deps/libproptest-ebc82c2f62035854.rlib --extern proptest_arbitrary_interop=/private/var/folders/bw/48pkqypd3pd7_c8l3ckzlmdw0000gp/T/cargo-mutants-stellar-studies-NqzUXr.tmp/target/debug/deps/libproptest_arbitrary_interop-8fcd0e348bdb6c2d.rlib --extern soroban_sdk=/private/var/folders/bw/48pkqypd3pd7_c8l3ckzlmdw0000gp/T/cargo-mutants-stellar-studies-NqzUXr.tmp/target/debug/deps/libsoroban_sdk-e62747f56c1fb4bb.rlib --extern soroban_vault=/private/var/folders/bw/48pkqypd3pd7_c8l3ckzlmdw0000gp/T/cargo-mutants-stellar-studies-NqzUXr.tmp/target/debug/deps/libsoroban_vault-89a10c6dc4b3cd63.rlib`
warning: `soroban-vault` (lib test) generated 1 warning (1 duplicate)
    Finished `test` profile [unoptimized + debuginfo] target(s) in 2.38s
  Executable `/private/var/folders/bw/48pkqypd3pd7_c8l3ckzlmdw0000gp/T/cargo-mutants-stellar-studies-NqzUXr.tmp/target/debug/deps/soroban_vault-bce8593a16df1a94`
  Executable `/private/var/folders/bw/48pkqypd3pd7_c8l3ckzlmdw0000gp/T/cargo-mutants-stellar-studies-NqzUXr.tmp/target/debug/deps/proptest_ai-f790cf1d5da483ca`
  Executable `/private/var/folders/bw/48pkqypd3pd7_c8l3ckzlmdw0000gp/T/cargo-mutants-stellar-studies-NqzUXr.tmp/target/debug/deps/proptest_baseline-3e562011cbd3d845`

*** result: Success

*** /Users/igorfambonatti/.rustup/toolchains/stable-aarch64-apple-darwin/bin/cargo test --verbose --package=soroban-vault@0.1.0 --test proptest_ai
    Blocking waiting for file lock on package cache
       Fresh unicode-ident v1.0.24
       Fresh proc-macro2 v1.0.106
       Fresh quote v1.0.45
       Fresh syn v2.0.117
       Fresh version_check v0.9.5
       Fresh cfg-if v1.0.4
       Fresh typenum v1.20.1
       Fresh serde_core v1.0.228
       Fresh serde_derive v1.0.228
       Fresh serde v1.0.228
       Fresh zmij v1.0.21
       Fresh zeroize_derive v1.5.0
       Fresh itoa v1.0.18
       Fresh memchr v2.8.2
       Fresh serde_json v1.0.150
       Fresh zeroize v1.9.0
       Fresh autocfg v1.5.1
       Fresh subtle v2.6.1
       Fresh crate-git-revision v0.0.6
       Fresh const-oid v0.9.6
       Fresh getrandom v0.2.17
       Fresh rand_core v0.6.4
       Fresh strsim v0.11.1
       Fresh ident_case v1.0.1
       Fresh zerocopy v0.8.52
       Fresh darling_core v0.23.0
       Fresh darling_macro v0.23.0
       Fresh ppv-lite86 v0.2.21
       Fresh semver v1.0.28
       Fresh darling v0.23.0
       Fresh num-traits v0.2.19
       Fresh generic-array v0.14.9
       Fresh dyn-clone v1.0.20
       Fresh schemars v0.8.22
       Fresh serde_with_macros v3.21.0
       Fresh data-encoding v2.11.0
       Fresh libc v0.2.186
       Fresh block-buffer v0.10.4
       Fresh crypto-common v0.1.6
       Fresh hex v0.4.3
       Fresh once_cell v1.21.4
       Fresh digest v0.10.7
       Fresh stellar-strkey v0.0.13
       Fresh paste v1.0.15
       Fresh rand_chacha v0.3.1
       Fresh cpufeatures v0.2.17
       Fresh cfg_eval v0.1.2
       Fresh ethnum v1.5.3
       Fresh escape-bytes v0.1.1
       Fresh rand v0.8.6
       Fresh num-integer v0.1.46
       Fresh enum-ordinalize-derive v4.3.2
       Fresh enum-ordinalize v4.3.2
       Fresh num-bigint v0.4.6
       Fresh ark-std v0.5.0
       Fresh rustc_version v0.4.1
       Fresh ff v0.13.1
       Fresh der v0.7.10
       Fresh ark-serialize-derive v0.5.0
       Fresh hashbrown v0.17.1
       Fresh either v1.16.0
       Fresh arrayvec v0.7.6
       Fresh equivalent v1.0.2
       Fresh base16ct v0.2.0
       Fresh sec1 v0.7.3
       Fresh indexmap v2.14.0
       Fresh ark-serialize v0.5.0
       Fresh itertools v0.13.0
       Fresh group v0.13.0
       Fresh educe v0.6.0
       Fresh ark-ff-macros v0.5.0
       Fresh sha2 v0.10.9
       Fresh signature v2.2.0
       Fresh crypto-bigint v0.5.5
       Fresh ark-ff-asm v0.5.0
       Fresh fnv v1.0.7
       Fresh allocator-api2 v0.2.21
       Fresh base64 v0.22.1
       Fresh hashbrown v0.15.5
       Fresh ark-ff v0.5.0
       Fresh elliptic-curve v0.13.8
       Fresh ahash v0.8.12
       Fresh wasmparser v0.116.1
       Fresh hmac v0.12.1
       Fresh derive_arbitrary v1.3.2
       Fresh arbitrary v1.3.2
       Fresh rfc6979 v0.4.0
       Fresh ark-poly v0.5.0
       Fresh libm v0.2.16
       Fresh soroban-env-macros v26.1.3
       Fresh num-derive v0.4.2
       Fresh thiserror-impl v1.0.69
       Fresh static_assertions v1.1.0
       Fresh indexmap-nostd v0.4.0
       Fresh downcast-rs v1.2.1
       Fresh thiserror v1.0.69
       Fresh ark-ec v0.5.0
       Fresh ecdsa v0.16.9
       Fresh getrandom v0.3.4
       Fresh serde_with v3.21.0
       Fresh wasmi_arena v0.4.1
       Fresh spin v0.9.8
       Fresh smallvec v1.15.2
       Fresh wasmparser-nostd v0.100.2
       Fresh wasmi_core v0.13.0
       Fresh rand_core v0.9.5
       Fresh stellar-xdr v26.0.1
       Fresh curve25519-dalek v4.1.3
       Fresh primeorder v0.13.6
       Fresh darling_core v0.20.11
       Fresh ed25519 v2.2.3
       Fresh keccak v0.1.6
       Fresh errno v0.3.14
       Fresh soroban-wasmi v0.31.1-soroban.20.0.1
       Fresh bitflags v2.13.1
       Fresh byteorder v1.5.0
       Fresh darling_macro v0.20.11
       Fresh p256 v0.13.2
       Fresh sha3 v0.10.9
       Fresh ed25519-dalek v2.2.0
       Fresh prettyplease v0.2.37
       Fresh ark-bn254 v0.5.0
       Fresh k256 v0.13.4
       Fresh soroban-spec v26.1.0
       Fresh getrandom v0.4.3
       Fresh hash32 v0.3.1
       Fresh rustix v1.1.4
       Fresh ark-bls12-381 v0.5.0
       Fresh soroban-builtin-sdk-macros v26.1.3
       Fresh dtor-proc-macro v0.0.6
       Fresh stable_deref_trait v1.2.1
       Fresh fastrand v2.5.0
       Fresh hex-literal v0.4.1
       Fresh soroban-spec-rust v26.1.0
       Fresh darling v0.20.11
       Fresh heapless v0.8.0
       Fresh soroban-env-host v26.1.3
       Fresh tempfile v3.27.0
       Fresh dtor v0.1.1
       Fresh soroban-env-common v26.1.3
       Fresh wait-timeout v0.2.1
       Fresh macro-string v0.1.4
       Fresh heck v0.5.0
       Fresh ctor-proc-macro v0.0.6
       Fresh bit-vec v0.8.0
       Fresh quick-error v1.2.3
       Fresh rand_chacha v0.9.0
       Fresh rand_xorshift v0.4.0
       Fresh soroban-ledger-snapshot v26.1.0
       Fresh ctor v0.5.0
       Fresh stellar-strkey v0.0.16
       Fresh rusty-fork v0.3.1
       Fresh bit-set v0.8.0
       Fresh soroban-sdk-macros v26.1.0
       Fresh rand v0.9.5
       Fresh bytes-lit v0.0.5
       Fresh visibility v0.1.1
       Fresh regex-syntax v0.8.11
       Fresh unarray v0.1.4
       Fresh soroban-sdk v26.1.0
       Fresh proptest v1.11.0
warning: unused variable: `env`
   --> 04-prototype-development/contracts/soroban-vault/src/lib.rs:220:18
    |
220 |     pub fn pause(env: Env) {
    |                  ^^^ help: if this is intentional, prefix it with an underscore: `_env`
    |
    = note: `#[warn(unused_variables)]` (part of `#[warn(unused)]`) on by default

       Fresh proptest-arbitrary-interop v0.1.0
warning: `soroban-vault` (lib) generated 1 warning (run `cargo fix --lib -p soroban-vault` to apply 1 suggestion)
       Fresh soroban-vault v0.1.0 (/private/var/folders/bw/48pkqypd3pd7_c8l3ckzlmdw0000gp/T/cargo-mutants-stellar-studies-NqzUXr.tmp/04-prototype-development/contracts/soroban-vault)
    Finished `test` profile [unoptimized + debuginfo] target(s) in 0.21s
     Running `/private/var/folders/bw/48pkqypd3pd7_c8l3ckzlmdw0000gp/T/cargo-mutants-stellar-studies-NqzUXr.tmp/target/debug/deps/proptest_ai-f790cf1d5da483ca`

running 11 tests
test prop_sequence_state_invariants ... FAILED
test prop_n3_views_are_pure ... ok
test prop_i5_no_auth_cannot_decrease_balance ... ok
test prop_i10_balance_ttl_on_first_write ... ok
test prop_i9_reinitialize_rejected ... ok
test prop_n1_instance_ttl ... ok
test prop_exact_share_accounting ... ok
test prop_i4_admin_custody ... ok
test prop_i8_transfer_shares ... ok
test prop_i12_pause_semantics ... FAILED
test prop_i11_temporary_tier_non_interference has been running for over 60 seconds
test prop_i11_temporary_tier_non_interference ... ok

failures:

---- prop_sequence_state_invariants stdout ----
proptest: FileFailurePersistence::SourceParallel set, but failed to find lib.rs or main.rs
Writing test snapshot file for test "prop_sequence_state_invariants" to "test_snapshots/prop_sequence_state_invariants.1.json".
Writing test snapshot file for test "prop_sequence_state_invariants" to "test_snapshots/prop_sequence_state_invariants.2.json".
Writing test snapshot file for test "prop_sequence_state_invariants" to "test_snapshots/prop_sequence_state_invariants.3.json".
Writing test snapshot file for test "prop_sequence_state_invariants" to "test_snapshots/prop_sequence_state_invariants.4.json".
Writing test snapshot file for test "prop_sequence_state_invariants" to "test_snapshots/prop_sequence_state_invariants.5.json".
Writing test snapshot file for test "prop_sequence_state_invariants" to "test_snapshots/prop_sequence_state_invariants.6.json".
Writing test snapshot file for test "prop_sequence_state_invariants" to "test_snapshots/prop_sequence_state_invariants.7.json".
Writing test snapshot file for test "prop_sequence_state_invariants" to "test_snapshots/prop_sequence_state_invariants.8.json".
Writing test snapshot file for test "prop_sequence_state_invariants" to "test_snapshots/prop_sequence_state_invariants.9.json".
Writing test snapshot file for test "prop_sequence_state_invariants" to "test_snapshots/prop_sequence_state_invariants.10.json".
Writing test snapshot file for test "prop_sequence_state_invariants" to "test_snapshots/prop_sequence_state_invariants.11.json".
Writing test snapshot file for test "prop_sequence_state_invariants" to "test_snapshots/prop_sequence_state_invariants.12.json".
Writing test snapshot file for test "prop_sequence_state_invariants" to "test_snapshots/prop_sequence_state_invariants.13.json".
Writing test snapshot file for test "prop_sequence_state_invariants" to "test_snapshots/prop_sequence_state_invariants.14.json".
Writing test snapshot file for test "prop_sequence_state_invariants" to "test_snapshots/prop_sequence_state_invariants.15.json".
Writing test snapshot file for test "prop_sequence_state_invariants" to "test_snapshots/prop_sequence_state_invariants.16.json".
Writing test snapshot file for test "prop_sequence_state_invariants" to "test_snapshots/prop_sequence_state_invariants.17.json".
Writing test snapshot file for test "prop_sequence_state_invariants" to "test_snapshots/prop_sequence_state_invariants.18.json".
Writing test snapshot file for test "prop_sequence_state_invariants" to "test_snapshots/prop_sequence_state_invariants.19.json".
Writing test snapshot file for test "prop_sequence_state_invariants" to "test_snapshots/prop_sequence_state_invariants.20.json".

thread 'prop_sequence_state_invariants' (3090735) panicked at 04-prototype-development/contracts/soroban-vault/tests/proptest_ai.rs:505:1:
Test failed: I12 broken at step 0: pause() returned Ok but is_paused() == false at 04-prototype-development/contracts/soroban-vault/tests/proptest_ai.rs:748.
minimal failing input: ops = [
    Pause,
]
	successes: 0
	local rejects: 0
	global rejects: 0

note: run with `RUST_BACKTRACE=1` environment variable to display a backtrace

---- prop_i12_pause_semantics stdout ----
proptest: FileFailurePersistence::SourceParallel set, but failed to find lib.rs or main.rs
Writing test snapshot file for test "prop_i12_pause_semantics" to "test_snapshots/prop_i12_pause_semantics.1.json".
Writing test snapshot file for test "prop_i12_pause_semantics" to "test_snapshots/prop_i12_pause_semantics.2.json".
Writing test snapshot file for test "prop_i12_pause_semantics" to "test_snapshots/prop_i12_pause_semantics.3.json".
Writing test snapshot file for test "prop_i12_pause_semantics" to "test_snapshots/prop_i12_pause_semantics.4.json".
Writing test snapshot file for test "prop_i12_pause_semantics" to "test_snapshots/prop_i12_pause_semantics.5.json".
Writing test snapshot file for test "prop_i12_pause_semantics" to "test_snapshots/prop_i12_pause_semantics.6.json".
Writing test snapshot file for test "prop_i12_pause_semantics" to "test_snapshots/prop_i12_pause_semantics.7.json".
Writing test snapshot file for test "prop_i12_pause_semantics" to "test_snapshots/prop_i12_pause_semantics.8.json".
Writing test snapshot file for test "prop_i12_pause_semantics" to "test_snapshots/prop_i12_pause_semantics.9.json".
Writing test snapshot file for test "prop_i12_pause_semantics" to "test_snapshots/prop_i12_pause_semantics.10.json".
Writing test snapshot file for test "prop_i12_pause_semantics" to "test_snapshots/prop_i12_pause_semantics.11.json".
Writing test snapshot file for test "prop_i12_pause_semantics" to "test_snapshots/prop_i12_pause_semantics.12.json".
Writing test snapshot file for test "prop_i12_pause_semantics" to "test_snapshots/prop_i12_pause_semantics.13.json".
Writing test snapshot file for test "prop_i12_pause_semantics" to "test_snapshots/prop_i12_pause_semantics.14.json".
Writing test snapshot file for test "prop_i12_pause_semantics" to "test_snapshots/prop_i12_pause_semantics.15.json".
Writing test snapshot file for test "prop_i12_pause_semantics" to "test_snapshots/prop_i12_pause_semantics.16.json".
Writing test snapshot file for test "prop_i12_pause_semantics" to "test_snapshots/prop_i12_pause_semantics.17.json".
Writing test snapshot file for test "prop_i12_pause_semantics" to "test_snapshots/prop_i12_pause_semantics.18.json".
Writing test snapshot file for test "prop_i12_pause_semantics" to "test_snapshots/prop_i12_pause_semantics.19.json".
Writing test snapshot file for test "prop_i12_pause_semantics" to "test_snapshots/prop_i12_pause_semantics.20.json".
Writing test snapshot file for test "prop_i12_pause_semantics" to "test_snapshots/prop_i12_pause_semantics.21.json".
Writing test snapshot file for test "prop_i12_pause_semantics" to "test_snapshots/prop_i12_pause_semantics.22.json".
Writing test snapshot file for test "prop_i12_pause_semantics" to "test_snapshots/prop_i12_pause_semantics.23.json".
Writing test snapshot file for test "prop_i12_pause_semantics" to "test_snapshots/prop_i12_pause_semantics.24.json".
Writing test snapshot file for test "prop_i12_pause_semantics" to "test_snapshots/prop_i12_pause_semantics.25.json".
Writing test snapshot file for test "prop_i12_pause_semantics" to "test_snapshots/prop_i12_pause_semantics.26.json".
Writing test snapshot file for test "prop_i12_pause_semantics" to "test_snapshots/prop_i12_pause_semantics.27.json".
Writing test snapshot file for test "prop_i12_pause_semantics" to "test_snapshots/prop_i12_pause_semantics.28.json".
Writing test snapshot file for test "prop_i12_pause_semantics" to "test_snapshots/prop_i12_pause_semantics.29.json".
Writing test snapshot file for test "prop_i12_pause_semantics" to "test_snapshots/prop_i12_pause_semantics.30.json".
Writing test snapshot file for test "prop_i12_pause_semantics" to "test_snapshots/prop_i12_pause_semantics.31.json".
Writing test snapshot file for test "prop_i12_pause_semantics" to "test_snapshots/prop_i12_pause_semantics.32.json".
Writing test snapshot file for test "prop_i12_pause_semantics" to "test_snapshots/prop_i12_pause_semantics.33.json".
Writing test snapshot file for test "prop_i12_pause_semantics" to "test_snapshots/prop_i12_pause_semantics.34.json".
Writing test snapshot file for test "prop_i12_pause_semantics" to "test_snapshots/prop_i12_pause_semantics.35.json".
Writing test snapshot file for test "prop_i12_pause_semantics" to "test_snapshots/prop_i12_pause_semantics.36.json".
Writing test snapshot file for test "prop_i12_pause_semantics" to "test_snapshots/prop_i12_pause_semantics.37.json".
Writing test snapshot file for test "prop_i12_pause_semantics" to "test_snapshots/prop_i12_pause_semantics.38.json".
Writing test snapshot file for test "prop_i12_pause_semantics" to "test_snapshots/prop_i12_pause_semantics.39.json".
Writing test snapshot file for test "prop_i12_pause_semantics" to "test_snapshots/prop_i12_pause_semantics.40.json".
Writing test snapshot file for test "prop_i12_pause_semantics" to "test_snapshots/prop_i12_pause_semantics.41.json".
Writing test snapshot file for test "prop_i12_pause_semantics" to "test_snapshots/prop_i12_pause_semantics.42.json".
Writing test snapshot file for test "prop_i12_pause_semantics" to "test_snapshots/prop_i12_pause_semantics.43.json".
Writing test snapshot file for test "prop_i12_pause_semantics" to "test_snapshots/prop_i12_pause_semantics.44.json".
Writing test snapshot file for test "prop_i12_pause_semantics" to "test_snapshots/prop_i12_pause_semantics.45.json".
Writing test snapshot file for test "prop_i12_pause_semantics" to "test_snapshots/prop_i12_pause_semantics.46.json".
Writing test snapshot file for test "prop_i12_pause_semantics" to "test_snapshots/prop_i12_pause_semantics.47.json".
Writing test snapshot file for test "prop_i12_pause_semantics" to "test_snapshots/prop_i12_pause_semantics.48.json".
Writing test snapshot file for test "prop_i12_pause_semantics" to "test_snapshots/prop_i12_pause_semantics.49.json".
Writing test snapshot file for test "prop_i12_pause_semantics" to "test_snapshots/prop_i12_pause_semantics.50.json".
Writing test snapshot file for test "prop_i12_pause_semantics" to "test_snapshots/prop_i12_pause_semantics.51.json".
Writing test snapshot file for test "prop_i12_pause_semantics" to "test_snapshots/prop_i12_pause_semantics.52.json".
Writing test snapshot file for test "prop_i12_pause_semantics" to "test_snapshots/prop_i12_pause_semantics.53.json".
Writing test snapshot file for test "prop_i12_pause_semantics" to "test_snapshots/prop_i12_pause_semantics.54.json".
Writing test snapshot file for test "prop_i12_pause_semantics" to "test_snapshots/prop_i12_pause_semantics.55.json".
Writing test snapshot file for test "prop_i12_pause_semantics" to "test_snapshots/prop_i12_pause_semantics.56.json".
Writing test snapshot file for test "prop_i12_pause_semantics" to "test_snapshots/prop_i12_pause_semantics.57.json".
Writing test snapshot file for test "prop_i12_pause_semantics" to "test_snapshots/prop_i12_pause_semantics.58.json".
Writing test snapshot file for test "prop_i12_pause_semantics" to "test_snapshots/prop_i12_pause_semantics.59.json".
Writing test snapshot file for test "prop_i12_pause_semantics" to "test_snapshots/prop_i12_pause_semantics.60.json".
Writing test snapshot file for test "prop_i12_pause_semantics" to "test_snapshots/prop_i12_pause_semantics.61.json".
Writing test snapshot file for test "prop_i12_pause_semantics" to "test_snapshots/prop_i12_pause_semantics.62.json".
Writing test snapshot file for test "prop_i12_pause_semantics" to "test_snapshots/prop_i12_pause_semantics.63.json".
Writing test snapshot file for test "prop_i12_pause_semantics" to "test_snapshots/prop_i12_pause_semantics.64.json".
Writing test snapshot file for test "prop_i12_pause_semantics" to "test_snapshots/prop_i12_pause_semantics.65.json".
Writing test snapshot file for test "prop_i12_pause_semantics" to "test_snapshots/prop_i12_pause_semantics.66.json".
Writing test snapshot file for test "prop_i12_pause_semantics" to "test_snapshots/prop_i12_pause_semantics.67.json".
Writing test snapshot file for test "prop_i12_pause_semantics" to "test_snapshots/prop_i12_pause_semantics.68.json".
Writing test snapshot file for test "prop_i12_pause_semantics" to "test_snapshots/prop_i12_pause_semantics.69.json".
Writing test snapshot file for test "prop_i12_pause_semantics" to "test_snapshots/prop_i12_pause_semantics.70.json".
Writing test snapshot file for test "prop_i12_pause_semantics" to "test_snapshots/prop_i12_pause_semantics.71.json".
Writing test snapshot file for test "prop_i12_pause_semantics" to "test_snapshots/prop_i12_pause_semantics.72.json".
Writing test snapshot file for test "prop_i12_pause_semantics" to "test_snapshots/prop_i12_pause_semantics.73.json".
Writing test snapshot file for test "prop_i12_pause_semantics" to "test_snapshots/prop_i12_pause_semantics.74.json".
Writing test snapshot file for test "prop_i12_pause_semantics" to "test_snapshots/prop_i12_pause_semantics.75.json".
Writing test snapshot file for test "prop_i12_pause_semantics" to "test_snapshots/prop_i12_pause_semantics.76.json".
Writing test snapshot file for test "prop_i12_pause_semantics" to "test_snapshots/prop_i12_pause_semantics.77.json".
Writing test snapshot file for test "prop_i12_pause_semantics" to "test_snapshots/prop_i12_pause_semantics.78.json".
Writing test snapshot file for test "prop_i12_pause_semantics" to "test_snapshots/prop_i12_pause_semantics.79.json".
Writing test snapshot file for test "prop_i12_pause_semantics" to "test_snapshots/prop_i12_pause_semantics.80.json".
Writing test snapshot file for test "prop_i12_pause_semantics" to "test_snapshots/prop_i12_pause_semantics.81.json".
Writing test snapshot file for test "prop_i12_pause_semantics" to "test_snapshots/prop_i12_pause_semantics.82.json".
Writing test snapshot file for test "prop_i12_pause_semantics" to "test_snapshots/prop_i12_pause_semantics.83.json".
Writing test snapshot file for test "prop_i12_pause_semantics" to "test_snapshots/prop_i12_pause_semantics.84.json".
Writing test snapshot file for test "prop_i12_pause_semantics" to "test_snapshots/prop_i12_pause_semantics.85.json".
Writing test snapshot file for test "prop_i12_pause_semantics" to "test_snapshots/prop_i12_pause_semantics.86.json".
Writing test snapshot file for test "prop_i12_pause_semantics" to "test_snapshots/prop_i12_pause_semantics.87.json".
Writing test snapshot file for test "prop_i12_pause_semantics" to "test_snapshots/prop_i12_pause_semantics.88.json".
Writing test snapshot file for test "prop_i12_pause_semantics" to "test_snapshots/prop_i12_pause_semantics.89.json".
Writing test snapshot file for test "prop_i12_pause_semantics" to "test_snapshots/prop_i12_pause_semantics.90.json".
Writing test snapshot file for test "prop_i12_pause_semantics" to "test_snapshots/prop_i12_pause_semantics.91.json".
Writing test snapshot file for test "prop_i12_pause_semantics" to "test_snapshots/prop_i12_pause_semantics.92.json".
Writing test snapshot file for test "prop_i12_pause_semantics" to "test_snapshots/prop_i12_pause_semantics.93.json".
Writing test snapshot file for test "prop_i12_pause_semantics" to "test_snapshots/prop_i12_pause_semantics.94.json".
Writing test snapshot file for test "prop_i12_pause_semantics" to "test_snapshots/prop_i12_pause_semantics.95.json".
Writing test snapshot file for test "prop_i12_pause_semantics" to "test_snapshots/prop_i12_pause_semantics.96.json".
Writing test snapshot file for test "prop_i12_pause_semantics" to "test_snapshots/prop_i12_pause_semantics.97.json".
Writing test snapshot file for test "prop_i12_pause_semantics" to "test_snapshots/prop_i12_pause_semantics.98.json".
Writing test snapshot file for test "prop_i12_pause_semantics" to "test_snapshots/prop_i12_pause_semantics.99.json".
Writing test snapshot file for test "prop_i12_pause_semantics" to "test_snapshots/prop_i12_pause_semantics.100.json".
Writing test snapshot file for test "prop_i12_pause_semantics" to "test_snapshots/prop_i12_pause_semantics.101.json".
Writing test snapshot file for test "prop_i12_pause_semantics" to "test_snapshots/prop_i12_pause_semantics.102.json".
Writing test snapshot file for test "prop_i12_pause_semantics" to "test_snapshots/prop_i12_pause_semantics.103.json".
Writing test snapshot file for test "prop_i12_pause_semantics" to "test_snapshots/prop_i12_pause_semantics.104.json".

thread 'prop_i12_pause_semantics' (3090728) panicked at 04-prototype-development/contracts/soroban-vault/tests/proptest_ai.rs:1699:1:
Test failed: I12: pause() did not set is_paused() at 04-prototype-development/contracts/soroban-vault/tests/proptest_ai.rs:1726.
minimal failing input: actor = 0, other = 0, new_admin = 0, seed = 1, dep = 1, wit = 1, mov = 1, extra_pauses = 1, gap = 0
	successes: 0
	local rejects: 0
	global rejects: 0



failures:
    prop_i12_pause_semantics
    prop_sequence_state_invariants

test result: FAILED. 9 passed; 2 failed; 0 ignored; 0 measured; 0 filtered out; finished in 60.79s

error: test failed, to rerun pass `-p soroban-vault --test proptest_ai`

*** result: Failure(101)
