
*** 04-prototype-development/contracts/soroban-vault/src/lib.rs:149:20: replace < with == in Vault::withdraw

*** mutation diff:
--- 04-prototype-development/contracts/soroban-vault/src/lib.rs
+++ replace < with == in Vault::withdraw
@@ -141,17 +141,17 @@
 
     /// Burn `shares` and return the corresponding amount of the underlying token.
     pub fn withdraw(env: Env, from: Address, shares: i128) -> i128 {
         from.require_auth();
         Self::require_not_paused(&env);
         Self::require_positive(&env, shares);
 
         let balance = Self::balance_internal(&env, &from);
-        if balance < shares {
+        if balance == /* ~ changed by cargo-mutants ~ */ shares {
             panic_with_error!(&env, VaultError::InsufficientBalance);
         }
 
         let token_addr = Self::token_address(&env);
         let client = token::TokenClient::new(&env, &token_addr);
         let vault = env.current_contract_address();
 
         let total = Self::total_shares_internal(&env);


*** /Users/igorfambonatti/.rustup/toolchains/stable-aarch64-apple-darwin/bin/cargo test --no-run --verbose --package=soroban-vault@0.1.0
       Fresh unicode-ident v1.0.24
       Fresh version_check v0.9.5
       Fresh cfg-if v1.0.4
       Fresh typenum v1.20.1
       Fresh proc-macro2 v1.0.106
       Fresh itoa v1.0.18
       Fresh memchr v2.8.2
       Fresh quote v1.0.45
       Fresh serde_core v1.0.228
       Fresh zmij v1.0.21
       Fresh autocfg v1.5.1
       Fresh subtle v2.6.1
       Fresh const-oid v0.9.6
       Fresh strsim v0.11.1
       Fresh syn v2.0.117
       Fresh serde_json v1.0.150
       Fresh getrandom v0.2.17
       Fresh ident_case v1.0.1
       Fresh semver v1.0.28
       Fresh serde_derive v1.0.228
       Fresh zeroize_derive v1.5.0
       Fresh rand_core v0.6.4
       Fresh darling_core v0.23.0
       Fresh serde v1.0.228
       Fresh zeroize v1.9.0
       Fresh zerocopy v0.8.52
       Fresh darling_macro v0.23.0
       Fresh num-traits v0.2.19
       Fresh dyn-clone v1.0.20
       Fresh generic-array v0.14.9
       Fresh crate-git-revision v0.0.6
       Fresh ppv-lite86 v0.2.21
       Fresh darling v0.23.0
       Fresh schemars v0.8.22
       Fresh data-encoding v2.11.0
       Fresh libc v0.2.186
       Fresh crypto-common v0.1.6
       Fresh block-buffer v0.10.4
       Fresh serde_with_macros v3.21.0
       Fresh hex v0.4.3
       Fresh once_cell v1.21.4
       Fresh rand_chacha v0.3.1
       Fresh digest v0.10.7
       Fresh paste v1.0.15
       Fresh cfg_eval v0.1.2
       Fresh cpufeatures v0.2.17
       Fresh escape-bytes v0.1.1
       Fresh ethnum v1.5.3
       Fresh rand v0.8.6
       Fresh stellar-strkey v0.0.13
       Fresh num-integer v0.1.46
       Fresh enum-ordinalize-derive v4.3.2
       Fresh ark-std v0.5.0
       Fresh der v0.7.10
       Fresh ff v0.13.1
       Fresh rustc_version v0.4.1
       Fresh enum-ordinalize v4.3.2
       Fresh num-bigint v0.4.6
       Fresh ark-serialize-derive v0.5.0
       Fresh base16ct v0.2.0
       Fresh arrayvec v0.7.6
       Fresh equivalent v1.0.2
       Fresh either v1.16.0
       Fresh hashbrown v0.17.1
       Fresh sec1 v0.7.3
       Fresh ark-serialize v0.5.0
       Fresh educe v0.6.0
       Fresh itertools v0.13.0
       Fresh ark-ff-macros v0.5.0
       Fresh group v0.13.0
       Fresh signature v2.2.0
       Fresh indexmap v2.14.0
       Fresh sha2 v0.10.9
       Fresh crypto-bigint v0.5.5
       Fresh ark-ff-asm v0.5.0
       Fresh allocator-api2 v0.2.21
       Fresh base64 v0.22.1
       Fresh fnv v1.0.7
       Fresh ahash v0.8.12
       Fresh hmac v0.12.1
       Fresh ark-ff v0.5.0
       Fresh elliptic-curve v0.13.8
       Fresh hashbrown v0.15.5
       Fresh wasmparser v0.116.1
       Fresh derive_arbitrary v1.3.2
       Fresh rfc6979 v0.4.0
       Fresh soroban-env-macros v26.1.3
       Fresh arbitrary v1.3.2
       Fresh ark-poly v0.5.0
       Fresh libm v0.2.16
       Fresh thiserror-impl v1.0.69
       Fresh num-derive v0.4.2
       Fresh indexmap-nostd v0.4.0
       Fresh static_assertions v1.1.0
       Fresh downcast-rs v1.2.1
       Fresh thiserror v1.0.69
       Fresh getrandom v0.3.4
       Fresh wasmparser-nostd v0.100.2
       Fresh ark-ec v0.5.0
       Fresh ecdsa v0.16.9
       Fresh serde_with v3.21.0
       Fresh wasmi_core v0.13.0
       Fresh wasmi_arena v0.4.1
       Fresh spin v0.9.8
       Fresh smallvec v1.15.2
       Fresh stellar-xdr v26.0.1
       Fresh curve25519-dalek v4.1.3
       Fresh soroban-wasmi v0.31.1-soroban.20.0.1
       Fresh rand_core v0.9.5
       Fresh primeorder v0.13.6
       Fresh darling_core v0.20.11
       Fresh ed25519 v2.2.3
       Fresh keccak v0.1.6
       Fresh errno v0.3.14
       Fresh bitflags v2.13.1
       Fresh byteorder v1.5.0
       Fresh ed25519-dalek v2.2.0
       Fresh sha3 v0.10.9
       Fresh prettyplease v0.2.37
       Fresh darling_macro v0.20.11
       Fresh hash32 v0.3.1
       Fresh rustix v1.1.4
       Fresh getrandom v0.4.3
       Fresh p256 v0.13.2
       Fresh k256 v0.13.4
       Fresh ark-bn254 v0.5.0
       Fresh soroban-spec v26.1.0
       Fresh ark-bls12-381 v0.5.0
       Fresh soroban-builtin-sdk-macros v26.1.3
       Fresh stable_deref_trait v1.2.1
       Fresh dtor-proc-macro v0.0.6
       Fresh hex-literal v0.4.1
       Fresh fastrand v2.5.0
       Fresh soroban-env-common v26.1.3
       Fresh darling v0.20.11
       Fresh heapless v0.8.0
       Fresh soroban-spec-rust v26.1.0
       Fresh soroban-env-host v26.1.3
       Fresh dtor v0.1.1
       Fresh tempfile v3.27.0
       Fresh macro-string v0.1.4
       Fresh wait-timeout v0.2.1
       Fresh bit-vec v0.8.0
       Fresh quick-error v1.2.3
       Fresh ctor-proc-macro v0.0.6
       Fresh heck v0.5.0
       Fresh bit-set v0.8.0
       Fresh soroban-ledger-snapshot v26.1.0
       Fresh stellar-strkey v0.0.16
       Fresh rand_xorshift v0.4.0
       Fresh rand v0.9.5
       Fresh rand_chacha v0.9.0
       Fresh soroban-sdk-macros v26.1.0
       Fresh rusty-fork v0.3.1
       Fresh ctor v0.5.0
       Fresh bytes-lit v0.0.5
       Fresh visibility v0.1.1
       Fresh unarray v0.1.4
       Fresh regex-syntax v0.8.11
       Fresh proptest v1.11.0
       Fresh soroban-sdk v26.1.0
       Fresh proptest-arbitrary-interop v0.1.0
       Dirty soroban-vault v0.1.0 (/private/var/folders/bw/48pkqypd3pd7_c8l3ckzlmdw0000gp/T/cargo-mutants-stellar-studies-nsp86p.tmp/04-prototype-development/contracts/soroban-vault): the file `04-prototype-development/contracts/soroban-vault/src/lib.rs` has changed (1789675151.923321306s, 5s after last build at 1789675146.967913228s)
   Compiling soroban-vault v0.1.0 (/private/var/folders/bw/48pkqypd3pd7_c8l3ckzlmdw0000gp/T/cargo-mutants-stellar-studies-nsp86p.tmp/04-prototype-development/contracts/soroban-vault)
     Running `/Users/igorfambonatti/.rustup/toolchains/stable-aarch64-apple-darwin/bin/rustc --crate-name soroban_vault --edition=2021 04-prototype-development/contracts/soroban-vault/src/lib.rs --error-format=json --json=diagnostic-rendered-ansi,artifacts,future-incompat --emit=dep-info,link -C embed-bitcode=no -C debuginfo=2 -C split-debuginfo=unpacked --test --check-cfg 'cfg(docsrs,test)' --check-cfg 'cfg(feature, values("bug_missing_auth", "bug_no_ttl", "bug_overflow", "bug_reinit", "bug_self_transfer", "bug_temp_nonce", "bug_zero_amount"))' -C metadata=1d80e85bbbdf9027 -C extra-filename=-bce8593a16df1a94 --out-dir /private/var/folders/bw/48pkqypd3pd7_c8l3ckzlmdw0000gp/T/cargo-mutants-stellar-studies-nsp86p.tmp/target/debug/deps -C incremental=/private/var/folders/bw/48pkqypd3pd7_c8l3ckzlmdw0000gp/T/cargo-mutants-stellar-studies-nsp86p.tmp/target/debug/incremental -L dependency=/private/var/folders/bw/48pkqypd3pd7_c8l3ckzlmdw0000gp/T/cargo-mutants-stellar-studies-nsp86p.tmp/target/debug/deps --extern arbitrary=/private/var/folders/bw/48pkqypd3pd7_c8l3ckzlmdw0000gp/T/cargo-mutants-stellar-studies-nsp86p.tmp/target/debug/deps/libarbitrary-b15fe09805a10503.rlib --extern proptest=/private/var/folders/bw/48pkqypd3pd7_c8l3ckzlmdw0000gp/T/cargo-mutants-stellar-studies-nsp86p.tmp/target/debug/deps/libproptest-ebc82c2f62035854.rlib --extern proptest_arbitrary_interop=/private/var/folders/bw/48pkqypd3pd7_c8l3ckzlmdw0000gp/T/cargo-mutants-stellar-studies-nsp86p.tmp/target/debug/deps/libproptest_arbitrary_interop-8fcd0e348bdb6c2d.rlib --extern soroban_sdk=/private/var/folders/bw/48pkqypd3pd7_c8l3ckzlmdw0000gp/T/cargo-mutants-stellar-studies-nsp86p.tmp/target/debug/deps/libsoroban_sdk-e62747f56c1fb4bb.rlib`
     Running `/Users/igorfambonatti/.rustup/toolchains/stable-aarch64-apple-darwin/bin/rustc --crate-name soroban_vault --edition=2021 04-prototype-development/contracts/soroban-vault/src/lib.rs --error-format=json --json=diagnostic-rendered-ansi,artifacts,future-incompat --crate-type lib --emit=dep-info,metadata,link -C embed-bitcode=no -C debuginfo=2 -C split-debuginfo=unpacked --check-cfg 'cfg(docsrs,test)' --check-cfg 'cfg(feature, values("bug_missing_auth", "bug_no_ttl", "bug_overflow", "bug_reinit", "bug_self_transfer", "bug_temp_nonce", "bug_zero_amount"))' -C metadata=3876bb9ecdd8693e -C extra-filename=-89a10c6dc4b3cd63 --out-dir /private/var/folders/bw/48pkqypd3pd7_c8l3ckzlmdw0000gp/T/cargo-mutants-stellar-studies-nsp86p.tmp/target/debug/deps -C incremental=/private/var/folders/bw/48pkqypd3pd7_c8l3ckzlmdw0000gp/T/cargo-mutants-stellar-studies-nsp86p.tmp/target/debug/incremental -L dependency=/private/var/folders/bw/48pkqypd3pd7_c8l3ckzlmdw0000gp/T/cargo-mutants-stellar-studies-nsp86p.tmp/target/debug/deps --extern soroban_sdk=/private/var/folders/bw/48pkqypd3pd7_c8l3ckzlmdw0000gp/T/cargo-mutants-stellar-studies-nsp86p.tmp/target/debug/deps/libsoroban_sdk-e62747f56c1fb4bb.rmeta`
     Running `/Users/igorfambonatti/.rustup/toolchains/stable-aarch64-apple-darwin/bin/rustc --crate-name proptest_ai --edition=2021 04-prototype-development/contracts/soroban-vault/tests/proptest_ai.rs --error-format=json --json=diagnostic-rendered-ansi,artifacts,future-incompat --emit=dep-info,link -C embed-bitcode=no -C debuginfo=2 -C split-debuginfo=unpacked --test --check-cfg 'cfg(docsrs,test)' --check-cfg 'cfg(feature, values("bug_missing_auth", "bug_no_ttl", "bug_overflow", "bug_reinit", "bug_self_transfer", "bug_temp_nonce", "bug_zero_amount"))' -C metadata=5763f149b77c10de -C extra-filename=-f790cf1d5da483ca --out-dir /private/var/folders/bw/48pkqypd3pd7_c8l3ckzlmdw0000gp/T/cargo-mutants-stellar-studies-nsp86p.tmp/target/debug/deps -C incremental=/private/var/folders/bw/48pkqypd3pd7_c8l3ckzlmdw0000gp/T/cargo-mutants-stellar-studies-nsp86p.tmp/target/debug/incremental -L dependency=/private/var/folders/bw/48pkqypd3pd7_c8l3ckzlmdw0000gp/T/cargo-mutants-stellar-studies-nsp86p.tmp/target/debug/deps --extern arbitrary=/private/var/folders/bw/48pkqypd3pd7_c8l3ckzlmdw0000gp/T/cargo-mutants-stellar-studies-nsp86p.tmp/target/debug/deps/libarbitrary-b15fe09805a10503.rlib --extern proptest=/private/var/folders/bw/48pkqypd3pd7_c8l3ckzlmdw0000gp/T/cargo-mutants-stellar-studies-nsp86p.tmp/target/debug/deps/libproptest-ebc82c2f62035854.rlib --extern proptest_arbitrary_interop=/private/var/folders/bw/48pkqypd3pd7_c8l3ckzlmdw0000gp/T/cargo-mutants-stellar-studies-nsp86p.tmp/target/debug/deps/libproptest_arbitrary_interop-8fcd0e348bdb6c2d.rlib --extern soroban_sdk=/private/var/folders/bw/48pkqypd3pd7_c8l3ckzlmdw0000gp/T/cargo-mutants-stellar-studies-nsp86p.tmp/target/debug/deps/libsoroban_sdk-e62747f56c1fb4bb.rlib --extern soroban_vault=/private/var/folders/bw/48pkqypd3pd7_c8l3ckzlmdw0000gp/T/cargo-mutants-stellar-studies-nsp86p.tmp/target/debug/deps/libsoroban_vault-89a10c6dc4b3cd63.rlib`
     Running `/Users/igorfambonatti/.rustup/toolchains/stable-aarch64-apple-darwin/bin/rustc --crate-name proptest_baseline --edition=2021 04-prototype-development/contracts/soroban-vault/tests/proptest_baseline.rs --error-format=json --json=diagnostic-rendered-ansi,artifacts,future-incompat --emit=dep-info,link -C embed-bitcode=no -C debuginfo=2 -C split-debuginfo=unpacked --test --check-cfg 'cfg(docsrs,test)' --check-cfg 'cfg(feature, values("bug_missing_auth", "bug_no_ttl", "bug_overflow", "bug_reinit", "bug_self_transfer", "bug_temp_nonce", "bug_zero_amount"))' -C metadata=8c7067f738ca187b -C extra-filename=-3e562011cbd3d845 --out-dir /private/var/folders/bw/48pkqypd3pd7_c8l3ckzlmdw0000gp/T/cargo-mutants-stellar-studies-nsp86p.tmp/target/debug/deps -C incremental=/private/var/folders/bw/48pkqypd3pd7_c8l3ckzlmdw0000gp/T/cargo-mutants-stellar-studies-nsp86p.tmp/target/debug/incremental -L dependency=/private/var/folders/bw/48pkqypd3pd7_c8l3ckzlmdw0000gp/T/cargo-mutants-stellar-studies-nsp86p.tmp/target/debug/deps --extern arbitrary=/private/var/folders/bw/48pkqypd3pd7_c8l3ckzlmdw0000gp/T/cargo-mutants-stellar-studies-nsp86p.tmp/target/debug/deps/libarbitrary-b15fe09805a10503.rlib --extern proptest=/private/var/folders/bw/48pkqypd3pd7_c8l3ckzlmdw0000gp/T/cargo-mutants-stellar-studies-nsp86p.tmp/target/debug/deps/libproptest-ebc82c2f62035854.rlib --extern proptest_arbitrary_interop=/private/var/folders/bw/48pkqypd3pd7_c8l3ckzlmdw0000gp/T/cargo-mutants-stellar-studies-nsp86p.tmp/target/debug/deps/libproptest_arbitrary_interop-8fcd0e348bdb6c2d.rlib --extern soroban_sdk=/private/var/folders/bw/48pkqypd3pd7_c8l3ckzlmdw0000gp/T/cargo-mutants-stellar-studies-nsp86p.tmp/target/debug/deps/libsoroban_sdk-e62747f56c1fb4bb.rlib --extern soroban_vault=/private/var/folders/bw/48pkqypd3pd7_c8l3ckzlmdw0000gp/T/cargo-mutants-stellar-studies-nsp86p.tmp/target/debug/deps/libsoroban_vault-89a10c6dc4b3cd63.rlib`
    Finished `test` profile [unoptimized + debuginfo] target(s) in 0.99s
  Executable `/private/var/folders/bw/48pkqypd3pd7_c8l3ckzlmdw0000gp/T/cargo-mutants-stellar-studies-nsp86p.tmp/target/debug/deps/soroban_vault-bce8593a16df1a94`
  Executable `/private/var/folders/bw/48pkqypd3pd7_c8l3ckzlmdw0000gp/T/cargo-mutants-stellar-studies-nsp86p.tmp/target/debug/deps/proptest_ai-f790cf1d5da483ca`
  Executable `/private/var/folders/bw/48pkqypd3pd7_c8l3ckzlmdw0000gp/T/cargo-mutants-stellar-studies-nsp86p.tmp/target/debug/deps/proptest_baseline-3e562011cbd3d845`

*** result: Success

*** /Users/igorfambonatti/.rustup/toolchains/stable-aarch64-apple-darwin/bin/cargo test --verbose --package=soroban-vault@0.1.0 --lib
       Fresh unicode-ident v1.0.24
       Fresh version_check v0.9.5
       Fresh cfg-if v1.0.4
       Fresh typenum v1.20.1
       Fresh memchr v2.8.2
       Fresh itoa v1.0.18
       Fresh proc-macro2 v1.0.106
       Fresh subtle v2.6.1
       Fresh autocfg v1.5.1
       Fresh const-oid v0.9.6
       Fresh strsim v0.11.1
       Fresh ident_case v1.0.1
       Fresh quote v1.0.45
       Fresh serde_core v1.0.228
       Fresh zmij v1.0.21
       Fresh semver v1.0.28
       Fresh dyn-clone v1.0.20
       Fresh syn v2.0.117
       Fresh serde_json v1.0.150
       Fresh getrandom v0.2.17
       Fresh data-encoding v2.11.0
       Fresh once_cell v1.21.4
       Fresh serde_derive v1.0.228
       Fresh zeroize_derive v1.5.0
       Fresh rand_core v0.6.4
       Fresh zerocopy v0.8.52
       Fresh darling_core v0.23.0
       Fresh num-traits v0.2.19
       Fresh libc v0.2.186
       Fresh cfg_eval v0.1.2
       Fresh ethnum v1.5.3
       Fresh escape-bytes v0.1.1
       Fresh serde v1.0.228
       Fresh zeroize v1.9.0
       Fresh darling_macro v0.23.0
       Fresh ppv-lite86 v0.2.21
       Fresh paste v1.0.15
       Fresh cpufeatures v0.2.17
       Fresh num-integer v0.1.46
       Fresh enum-ordinalize-derive v4.3.2
       Fresh ff v0.13.1
       Fresh ark-serialize-derive v0.5.0
       Fresh generic-array v0.14.9
       Fresh crate-git-revision v0.0.6
       Fresh darling v0.23.0
       Fresh schemars v0.8.22
       Fresh hex v0.4.3
       Fresh rand_chacha v0.3.1
       Fresh num-bigint v0.4.6
       Fresh der v0.7.10
       Fresh enum-ordinalize v4.3.2
       Fresh rustc_version v0.4.1
       Fresh crypto-common v0.1.6
       Fresh block-buffer v0.10.4
       Fresh serde_with_macros v3.21.0
       Fresh rand v0.8.6
       Fresh equivalent v1.0.2
       Fresh base16ct v0.2.0
       Fresh arrayvec v0.7.6
       Fresh either v1.16.0
       Fresh hashbrown v0.17.1
       Fresh digest v0.10.7
       Fresh ark-std v0.5.0
       Fresh sec1 v0.7.3
       Fresh itertools v0.13.0
       Fresh indexmap v2.14.0
       Fresh crypto-bigint v0.5.5
       Fresh educe v0.6.0
       Fresh ark-ff-macros v0.5.0
       Fresh stellar-strkey v0.0.13
       Fresh signature v2.2.0
       Fresh sha2 v0.10.9
       Fresh ark-serialize v0.5.0
       Fresh group v0.13.0
       Fresh ark-ff-asm v0.5.0
       Fresh allocator-api2 v0.2.21
       Fresh fnv v1.0.7
       Fresh base64 v0.22.1
       Fresh ahash v0.8.12
       Fresh hmac v0.12.1
       Fresh hashbrown v0.15.5
       Fresh ark-ff v0.5.0
       Fresh elliptic-curve v0.13.8
       Fresh wasmparser v0.116.1
       Fresh derive_arbitrary v1.3.2
       Fresh rfc6979 v0.4.0
       Fresh thiserror-impl v1.0.69
       Fresh getrandom v0.3.4
       Fresh ark-poly v0.5.0
       Fresh arbitrary v1.3.2
       Fresh libm v0.2.16
       Fresh soroban-env-macros v26.1.3
       Fresh num-derive v0.4.2
       Fresh static_assertions v1.1.0
       Fresh indexmap-nostd v0.4.0
       Fresh downcast-rs v1.2.1
       Fresh wasmparser-nostd v0.100.2
       Fresh thiserror v1.0.69
       Fresh wasmi_core v0.13.0
       Fresh rand_core v0.9.5
       Fresh ark-ec v0.5.0
       Fresh ecdsa v0.16.9
       Fresh serde_with v3.21.0
       Fresh errno v0.3.14
       Fresh bitflags v2.13.1
       Fresh spin v0.9.8
       Fresh smallvec v1.15.2
       Fresh wasmi_arena v0.4.1
       Fresh stellar-xdr v26.0.1
       Fresh getrandom v0.4.3
       Fresh curve25519-dalek v4.1.3
       Fresh rustix v1.1.4
       Fresh primeorder v0.13.6
       Fresh darling_core v0.20.11
       Fresh ed25519 v2.2.3
       Fresh soroban-wasmi v0.31.1-soroban.20.0.1
       Fresh keccak v0.1.6
       Fresh fastrand v2.5.0
       Fresh byteorder v1.5.0
       Fresh darling_macro v0.20.11
       Fresh ed25519-dalek v2.2.0
       Fresh p256 v0.13.2
       Fresh ark-bn254 v0.5.0
       Fresh k256 v0.13.4
       Fresh hash32 v0.3.1
       Fresh sha3 v0.10.9
       Fresh tempfile v3.27.0
       Fresh prettyplease v0.2.37
       Fresh soroban-spec v26.1.0
       Fresh ark-bls12-381 v0.5.0
       Fresh soroban-builtin-sdk-macros v26.1.3
       Fresh wait-timeout v0.2.1
       Fresh hex-literal v0.4.1
       Fresh dtor-proc-macro v0.0.6
       Fresh quick-error v1.2.3
       Fresh bit-vec v0.8.0
       Fresh stable_deref_trait v1.2.1
       Fresh soroban-env-host v26.1.3
       Fresh soroban-spec-rust v26.1.0
       Fresh darling v0.20.11
       Fresh soroban-env-common v26.1.3
       Fresh rand_xorshift v0.4.0
       Fresh rand_chacha v0.9.0
       Fresh rand v0.9.5
       Fresh dtor v0.1.1
       Fresh bit-set v0.8.0
       Fresh heapless v0.8.0
       Fresh rusty-fork v0.3.1
       Fresh macro-string v0.1.4
       Fresh heck v0.5.0
       Fresh ctor-proc-macro v0.0.6
       Fresh regex-syntax v0.8.11
       Fresh unarray v0.1.4
       Fresh soroban-ledger-snapshot v26.1.0
       Fresh bytes-lit v0.0.5
       Fresh visibility v0.1.1
       Fresh soroban-sdk-macros v26.1.0
       Fresh ctor v0.5.0
       Fresh stellar-strkey v0.0.16
       Fresh proptest v1.11.0
       Fresh soroban-sdk v26.1.0
       Fresh proptest-arbitrary-interop v0.1.0
       Fresh soroban-vault v0.1.0 (/private/var/folders/bw/48pkqypd3pd7_c8l3ckzlmdw0000gp/T/cargo-mutants-stellar-studies-nsp86p.tmp/04-prototype-development/contracts/soroban-vault)
    Finished `test` profile [unoptimized + debuginfo] target(s) in 0.10s
     Running `/private/var/folders/bw/48pkqypd3pd7_c8l3ckzlmdw0000gp/T/cargo-mutants-stellar-studies-nsp86p.tmp/target/debug/deps/soroban_vault-bce8593a16df1a94`

running 22 tests
test test::initialize_sets_initial_state ... ok
test test::views_report_state ... ok
test test::deposit_withdraw_round_trip_is_lossless_for_a_sole_depositor ... FAILED
test test::set_admin_hands_over_the_role ... ok
test test_invariants::i12_pause_halts_all_mutations ... ok
test test::pause_sets_the_flag ... ok
test test_invariants::i10_persistent_entries_are_ttl_managed_not_restored ... ok
test test_invariants::i11_temporary_state_is_never_authoritative ... ok
test test::deposit_mints_one_to_one_on_empty_vault ... ok
test test_invariants::i10_restoration_signature_is_detectable ... ok
test test::deposit_mints_proportionally_on_funded_vault ... ok
test test::transfer_shares_moves_balance ... ok
test test::withdraw_returns_assets_and_burns_shares ... ok
test test_invariants::i1_supply_conservation ... ok
test test_invariants::i2_zero_supply_iff_empty ... FAILED
test test_invariants::i4_admin_operations_require_admin_auth ... ok
test test_invariants::i9_reinitialization_is_rejected ... ok
test test_invariants::i5_user_operations_require_sender_auth ... ok
test test_invariants::i7_non_positive_amounts_rejected ... ok
test test_invariants::i3_round_trip_never_profits ... FAILED
test test_invariants::i6_arithmetic_is_checked ... ok
test test_invariants::i8_self_transfer_is_a_noop ... ok

failures:

---- test::deposit_withdraw_round_trip_is_lossless_for_a_sole_depositor stdout ----

thread 'test::deposit_withdraw_round_trip_is_lossless_for_a_sole_depositor' (2920718) panicked at /Users/igorfambonatti/.cargo/registry/src/index.crates.io-1949cf8c6b5b557f/soroban-env-host-26.1.3/src/host.rs:907:9:
HostError: Error(Contract, #4)

Event log (newest first):
   0: [Diagnostic Event] topics:[error, Error(Contract, #4)], data:"escalating error to panic"
   1: [Diagnostic Event] topics:[error, Error(Contract, #4)], data:["contract call failed", withdraw, [CAAAAAAAAAAAAAAAAAAAAAAAAAAAAAAAAAAAAAAAAAAAAAAAAAAAFCT4, 7777]]
   2: [Failed Diagnostic Event (not emitted)] contract:CAAAAAAAAAAAAAAAAAAAAAAAAAAAAAAAAAAAAAAAAAAAAAAAAAAAK3IM, topics:[error, Error(Contract, #4)], data:"caught error from function"
   3: [Failed Diagnostic Event (not emitted)] contract:CAAAAAAAAAAAAAAAAAAAAAAAAAAAAAAAAAAAAAAAAAAAAAAAAAAAK3IM, topics:[error, Error(Contract, #4)], data:"escalating error to panic"
   4: [Failed Diagnostic Event (not emitted)] contract:CAAAAAAAAAAAAAAAAAAAAAAAAAAAAAAAAAAAAAAAAAAAAAAAAAAAK3IM, topics:[error, Error(Contract, #4)], data:["failing with contract error", 4]
   5: [Diagnostic Event] topics:[fn_call, CAAAAAAAAAAAAAAAAAAAAAAAAAAAAAAAAAAAAAAAAAAAAAAAAAAAK3IM, withdraw], data:[CAAAAAAAAAAAAAAAAAAAAAAAAAAAAAAAAAAAAAAAAAAAAAAAAAAAFCT4, 7777]

note: run with `RUST_BACKTRACE=1` environment variable to display a backtrace
Writing test snapshot file for test "test::deposit_withdraw_round_trip_is_lossless_for_a_sole_depositor" to "test_snapshots/test/deposit_withdraw_round_trip_is_lossless_for_a_sole_depositor.1.json".

---- test_invariants::i2_zero_supply_iff_empty stdout ----

thread 'test_invariants::i2_zero_supply_iff_empty' (2920733) panicked at /Users/igorfambonatti/.cargo/registry/src/index.crates.io-1949cf8c6b5b557f/soroban-env-host-26.1.3/src/host.rs:907:9:
HostError: Error(Contract, #4)

Event log (newest first):
   0: [Diagnostic Event] topics:[error, Error(Contract, #4)], data:"escalating error to panic"
   1: [Diagnostic Event] topics:[error, Error(Contract, #4)], data:["contract call failed", withdraw, [CAAAAAAAAAAAAAAAAAAAAAAAAAAAAAAAAAAAAAAAAAAAAAAAAAAAFCT4, 1000]]
   2: [Failed Diagnostic Event (not emitted)] contract:CAAAAAAAAAAAAAAAAAAAAAAAAAAAAAAAAAAAAAAAAAAAAAAAAAAAK3IM, topics:[error, Error(Contract, #4)], data:"caught error from function"
   3: [Failed Diagnostic Event (not emitted)] contract:CAAAAAAAAAAAAAAAAAAAAAAAAAAAAAAAAAAAAAAAAAAAAAAAAAAAK3IM, topics:[error, Error(Contract, #4)], data:"escalating error to panic"
   4: [Failed Diagnostic Event (not emitted)] contract:CAAAAAAAAAAAAAAAAAAAAAAAAAAAAAAAAAAAAAAAAAAAAAAAAAAAK3IM, topics:[error, Error(Contract, #4)], data:["failing with contract error", 4]
   5: [Diagnostic Event] topics:[fn_call, CAAAAAAAAAAAAAAAAAAAAAAAAAAAAAAAAAAAAAAAAAAAAAAAAAAAK3IM, withdraw], data:[CAAAAAAAAAAAAAAAAAAAAAAAAAAAAAAAAAAAAAAAAAAAAAAAAAAAFCT4, 1000]

Writing test snapshot file for test "test_invariants::i2_zero_supply_iff_empty" to "test_snapshots/test_invariants/i2_zero_supply_iff_empty.1.json".

---- test_invariants::i3_round_trip_never_profits stdout ----

thread 'test_invariants::i3_round_trip_never_profits' (2920734) panicked at /Users/igorfambonatti/.cargo/registry/src/index.crates.io-1949cf8c6b5b557f/soroban-env-host-26.1.3/src/host.rs:907:9:
HostError: Error(Contract, #4)

Event log (newest first):
   0: [Diagnostic Event] topics:[error, Error(Contract, #4)], data:"escalating error to panic"
   1: [Diagnostic Event] topics:[error, Error(Contract, #4)], data:["contract call failed", withdraw, [CAAAAAAAAAAAAAAAAAAAAAAAAAAAAAAAAAAAAAAAAAAAAAAAAAAAFCT4, 3333]]
   2: [Failed Diagnostic Event (not emitted)] contract:CAAAAAAAAAAAAAAAAAAAAAAAAAAAAAAAAAAAAAAAAAAAAAAAAAAAK3IM, topics:[error, Error(Contract, #4)], data:"caught error from function"
   3: [Failed Diagnostic Event (not emitted)] contract:CAAAAAAAAAAAAAAAAAAAAAAAAAAAAAAAAAAAAAAAAAAAAAAAAAAAK3IM, topics:[error, Error(Contract, #4)], data:"escalating error to panic"
   4: [Failed Diagnostic Event (not emitted)] contract:CAAAAAAAAAAAAAAAAAAAAAAAAAAAAAAAAAAAAAAAAAAAAAAAAAAAK3IM, topics:[error, Error(Contract, #4)], data:["failing with contract error", 4]
   5: [Diagnostic Event] topics:[fn_call, CAAAAAAAAAAAAAAAAAAAAAAAAAAAAAAAAAAAAAAAAAAAAAAAAAAAK3IM, withdraw], data:[CAAAAAAAAAAAAAAAAAAAAAAAAAAAAAAAAAAAAAAAAAAAAAAAAAAAFCT4, 3333]

Writing test snapshot file for test "test_invariants::i3_round_trip_never_profits" to "test_snapshots/test_invariants/i3_round_trip_never_profits.1.json".


failures:
    test::deposit_withdraw_round_trip_is_lossless_for_a_sole_depositor
    test_invariants::i2_zero_supply_iff_empty
    test_invariants::i3_round_trip_never_profits

test result: FAILED. 19 passed; 3 failed; 0 ignored; 0 measured; 0 filtered out; finished in 0.37s

error: test failed, to rerun pass `-p soroban-vault --lib`

*** result: Failure(101)
